[0.014s] Invoking command in '/workspace/src/legged_perceptive/build/legged_perceptive_interface': CMAKE_PREFIX_PATH=${CMAKE_PREFIX_PATH}:/opt/ros/humble /usr/bin/cmake --build /workspace/src/legged_perceptive/build/legged_perceptive_interface -- -j20 -l20
[0.056s] [ 23%] Built target gtest
[0.056s] [ 23%] Built target gtest_main
[0.059s] [35m[1mConsolidate compiler generated dependencies of target legged_perceptive_interface[0m
[0.110s] [ 29%] [32mBuilding CXX object CMakeFiles/legged_perceptive_interface.dir/src/PerceptiveLeggedReferenceManager.cpp.o[0m
[4.323s] [ 35%] [32m[1mLinking CXX static library liblegged_perceptive_interface.a[0m
[4.434s] [ 76%] Built target legged_perceptive_interface
[4.453s] [ 82%] [32m[1mLinking CXX executable test_perceptive_reference_manager[0m
[4.462s] [ 88%] [32m[1mLinking CXX executable test_convex_region_selector_timing[0m
[5.019s] [ 94%] Built target test_perceptive_reference_manager
[5.054s] [100%] Built target test_convex_region_selector_timing
[5.078s] Invoked command in '/workspace/src/legged_perceptive/build/legged_perceptive_interface' returned '0': CMAKE_PREFIX_PATH=${CMAKE_PREFIX_PATH}:/opt/ros/humble /usr/bin/cmake --build /workspace/src/legged_perceptive/build/legged_perceptive_interface -- -j20 -l20
[5.086s] Invoking command in '/workspace/src/legged_perceptive/build/legged_perceptive_interface': CMAKE_PREFIX_PATH=${CMAKE_PREFIX_PATH}:/opt/ros/humble /usr/bin/cmake --install /workspace/src/legged_perceptive/build/legged_perceptive_interface
[5.091s] -- Install configuration: ""
[5.091s] -- Installing: /workspace/src/legged_perceptive/install/legged_perceptive_interface/lib/liblegged_perceptive_interface.a
[5.097s] -- Up-to-date: /workspace/src/legged_perceptive/install/legged_perceptive_interface/include/legged_perceptive_interface
[5.098s] -- Up-to-date: /workspace/src/legged_perceptive/install/legged_perceptive_interface/include/legged_perceptive_interface/TargetTrajectoryResampler.h
[5.098s] -- Up-to-date: /workspace/src/legged_perceptive/install/legged_perceptive_interface/include/legged_perceptive_interface/PerceptiveLeggedReferenceManager.h
[5.098s] -- Up-to-date: /workspace/src/legged_perceptive/install/legged_perceptive_interface/include/legged_perceptive_interface/constraint
[5.098s] -- Up-to-date: /workspace/src/legged_perceptive/install/legged_perceptive_interface/include/legged_perceptive_interface/constraint/FootCollisionConstraint.h
[5.098s] -- Up-to-date: /workspace/src/legged_perceptive/install/legged_perceptive_interface/include/legged_perceptive_interface/constraint/FootPlacementConstraint.h
[5.098s] -- Up-to-date: /workspace/src/legged_perceptive/install/legged_perceptive_interface/include/legged_perceptive_interface/constraint/SphereSdfConstraint.h
[5.098s] -- Up-to-date: /workspace/src/legged_perceptive/install/legged_perceptive_interface/include/legged_perceptive_interface/PerceptiveLeggedPrecomputation.h
[5.098s] -- Up-to-date: /workspace/src/legged_perceptive/install/legged_perceptive_interface/include/legged_perceptive_interface/ConvexRegionSelector.h
[5.098s] -- Up-to-date: /workspace/src/legged_perceptive/install/legged_perceptive_interface/include/legged_perceptive_interface/PerceptiveLeggedInterface.h
[5.098s] -- Up-to-date: /workspace/src/legged_perceptive/install/legged_perceptive_interface/share/legged_perceptive_interface/cmake/export_legged_perceptive_interface.cmake
[5.098s] -- Up-to-date: /workspace/src/legged_perceptive/install/legged_perceptive_interface/share/legged_perceptive_interface/cmake/export_legged_perceptive_interface-noconfig.cmake
[5.098s] -- Up-to-date: /workspace/src/legged_perceptive/install/legged_perceptive_interface/share/legged_perceptive_interface/environment/library_path.sh
[5.098s] -- Up-to-date: /workspace/src/legged_perceptive/install/legged_perceptive_interface/share/legged_perceptive_interface/environment/library_path.dsv
[5.098s] -- Up-to-date: /workspace/src/legged_perceptive/install/legged_perceptive_interface/share/ament_index/resource_index/package_run_dependencies/legged_perceptive_interface
[5.098s] -- Up-to-date: /workspace/src/legged_perceptive/install/legged_perceptive_interface/share/ament_index/resource_index/parent_prefix_path/legged_perceptive_interface
[5.098s] -- Up-to-date: /workspace/src/legged_perceptive/install/legged_perceptive_interface/share/legged_perceptive_interface/environment/ament_prefix_path.sh
[5.098s] -- Up-to-date: /workspace/src/legged_perceptive/install/legged_perceptive_interface/share/legged_perceptive_interface/environment/ament_prefix_path.dsv
[5.098s] -- Up-to-date: /workspace/src/legged_perceptive/install/legged_perceptive_interface/share/legged_perceptive_interface/environment/path.sh
[5.098s] -- Up-to-date: /workspace/src/legged_perceptive/install/legged_perceptive_interface/share/legged_perceptive_interface/environment/path.dsv
[5.098s] -- Up-to-date: /workspace/src/legged_perceptive/install/legged_perceptive_interface/share/legged_perceptive_interface/local_setup.bash
[5.098s] -- Up-to-date: /workspace/src/legged_perceptive/install/legged_perceptive_interface/share/legged_perceptive_interface/local_setup.sh
[5.098s] -- Up-to-date: /workspace/src/legged_perceptive/install/legged_perceptive_interface/share/legged_perceptive_interface/local_setup.zsh
[5.098s] -- Up-to-date: /workspace/src/legged_perceptive/install/legged_perceptive_interface/share/legged_perceptive_interface/local_setup.dsv
[5.098s] -- Installing: /workspace/src/legged_perceptive/install/legged_perceptive_interface/share/legged_perceptive_interface/package.dsv
[5.098s] -- Up-to-date: /workspace/src/legged_perceptive/install/legged_perceptive_interface/share/ament_index/resource_index/packages/legged_perceptive_interface
[5.098s] -- Up-to-date: /workspace/src/legged_perceptive/install/legged_perceptive_interface/share/legged_perceptive_interface/cmake/export_legged_perceptive_interfaceExport.cmake
[5.098s] -- Up-to-date: /workspace/src/legged_perceptive/install/legged_perceptive_interface/share/legged_perceptive_interface/cmake/export_legged_perceptive_interfaceExport-noconfig.cmake
[5.098s] -- Up-to-date: /workspace/src/legged_perceptive/install/legged_perceptive_interface/share/legged_perceptive_interface/cmake/ament_cmake_export_include_directories-extras.cmake
[5.098s] -- Up-to-date: /workspace/src/legged_perceptive/install/legged_perceptive_interface/share/legged_perceptive_interface/cmake/ament_cmake_export_targets-extras.cmake
[5.098s] -- Up-to-date: /workspace/src/legged_perceptive/install/legged_perceptive_interface/share/legged_perceptive_interface/cmake/ament_cmake_export_dependencies-extras.cmake
[5.098s] -- Up-to-date: /workspace/src/legged_perceptive/install/legged_perceptive_interface/share/legged_perceptive_interface/cmake/legged_perceptive_interfaceConfig.cmake
[5.098s] -- Up-to-date: /workspace/src/legged_perceptive/install/legged_perceptive_interface/share/legged_perceptive_interface/cmake/legged_perceptive_interfaceConfig-version.cmake
[5.098s] -- Up-to-date: /workspace/src/legged_perceptive/install/legged_perceptive_interface/share/legged_perceptive_interface/package.xml
[5.099s] Invoked command in '/workspace/src/legged_perceptive/build/legged_perceptive_interface' returned '0': CMAKE_PREFIX_PATH=${CMAKE_PREFIX_PATH}:/opt/ros/humble /usr/bin/cmake --install /workspace/src/legged_perceptive/build/legged_perceptive_interface
