[0.046s] DEBUG:colcon:Command line arguments: ['/usr/bin/colcon', 'build', '--packages-up-to', 'legged_perceptive_controllers', '--cmake-args', '-DBUILD_TESTING=ON']
[0.046s] DEBUG:colcon:Parsed command line arguments: Namespace(log_base=None, log_level=None, verb_name='build', build_base='build', install_base='install', merge_install=False, symlink_install=False, test_result_base=None, continue_on_error=False, executor='parallel', parallel_workers=20, event_handlers=None, ignore_user_meta=False, metas=['./colcon.meta'], base_paths=['.'], packages_ignore=None, packages_ignore_regex=None, paths=None, packages_up_to=['legged_perceptive_controllers'], packages_up_to_regex=None, packages_above=None, packages_above_and_dependencies=None, packages_above_depth=None, packages_select_by_dep=None, packages_skip_by_dep=None, packages_skip_up_to=None, packages_select_build_failed=False, packages_skip_build_finished=False, packages_select_test_failures=False, packages_skip_test_passed=False, packages_select=None, packages_skip=None, packages_select_regex=None, packages_skip_regex=None, packages_start=None, packages_end=None, cmake_args=['-DBUILD_TESTING=ON'], cmake_target=None, cmake_target_skip_unavailable=False, cmake_clean_cache=False, cmake_clean_first=False, cmake_force_configure=False, ament_cmake_args=None, catkin_cmake_args=None, catkin_skip_building_tests=False, mixin_files=None, mixin=None, verb_parser=<colcon_mixin.mixin.mixin_argument.MixinArgumentDecorator object at 0x745d904b54e0>, verb_extension=<colcon_core.verb.build.BuildVerb object at 0x745d904b4ee0>, main=<bound method BuildVerb.main of <colcon_core.verb.build.BuildVerb object at 0x745d904b4ee0>>, mixin_verb=('build',))
[0.104s] Level 1:colcon.colcon_core.package_discovery:discover_packages(colcon_meta) check parameters
[0.104s] Level 1:colcon.colcon_core.package_discovery:discover_packages(recursive) check parameters
[0.104s] Level 1:colcon.colcon_core.package_discovery:discover_packages(ignore) check parameters
[0.104s] Level 1:colcon.colcon_core.package_discovery:discover_packages(path) check parameters
[0.104s] Level 1:colcon.colcon_core.package_discovery:discover_packages(colcon_meta) discover
[0.104s] Level 1:colcon.colcon_core.package_discovery:discover_packages(recursive) discover
[0.104s] INFO:colcon.colcon_core.package_discovery:Crawling recursively for packages in '/workspace/src/legged_perceptive'
[0.105s] Level 1:colcon.colcon_core.package_identification:_identify(.) by extensions ['ignore', 'ignore_ament_install']
[0.105s] Level 1:colcon.colcon_core.package_identification:_identify(.) by extension 'ignore'
[0.105s] Level 1:colcon.colcon_core.package_identification:_identify(.) by extension 'ignore_ament_install'
[0.105s] Level 1:colcon.colcon_core.package_identification:_identify(.) by extensions ['colcon_pkg']
[0.105s] Level 1:colcon.colcon_core.package_identification:_identify(.) by extension 'colcon_pkg'
[0.105s] Level 1:colcon.colcon_core.package_identification:_identify(.) by extensions ['colcon_meta']
[0.105s] Level 1:colcon.colcon_core.package_identification:_identify(.) by extension 'colcon_meta'
[0.105s] Level 1:colcon.colcon_core.package_identification:_identify(.) by extensions ['ros']
[0.105s] Level 1:colcon.colcon_core.package_identification:_identify(.) by extension 'ros'
[0.110s] Level 1:colcon.colcon_core.package_identification:_identify(.) by extensions ['cmake', 'python']
[0.110s] Level 1:colcon.colcon_core.package_identification:_identify(.) by extension 'cmake'
[0.110s] Level 1:colcon.colcon_core.package_identification:_identify(.) by extension 'python'
[0.110s] Level 1:colcon.colcon_core.package_identification:_identify(.) by extensions ['python_setup_py']
[0.110s] Level 1:colcon.colcon_core.package_identification:_identify(.) by extension 'python_setup_py'
[0.110s] Level 1:colcon.colcon_core.package_identification:_identify(build) by extensions ['ignore', 'ignore_ament_install']
[0.110s] Level 1:colcon.colcon_core.package_identification:_identify(build) by extension 'ignore'
[0.110s] Level 1:colcon.colcon_core.package_identification:_identify(build) ignored
[0.110s] Level 1:colcon.colcon_core.package_identification:_identify(install) by extensions ['ignore', 'ignore_ament_install']
[0.110s] Level 1:colcon.colcon_core.package_identification:_identify(install) by extension 'ignore'
[0.110s] Level 1:colcon.colcon_core.package_identification:_identify(install) ignored
[0.110s] Level 1:colcon.colcon_core.package_identification:_identify(legged_perceptive_controllers) by extensions ['ignore', 'ignore_ament_install']
[0.110s] Level 1:colcon.colcon_core.package_identification:_identify(legged_perceptive_controllers) by extension 'ignore'
[0.110s] Level 1:colcon.colcon_core.package_identification:_identify(legged_perceptive_controllers) by extension 'ignore_ament_install'
[0.110s] Level 1:colcon.colcon_core.package_identification:_identify(legged_perceptive_controllers) by extensions ['colcon_pkg']
[0.110s] Level 1:colcon.colcon_core.package_identification:_identify(legged_perceptive_controllers) by extension 'colcon_pkg'
[0.110s] Level 1:colcon.colcon_core.package_identification:_identify(legged_perceptive_controllers) by extensions ['colcon_meta']
[0.110s] Level 1:colcon.colcon_core.package_identification:_identify(legged_perceptive_controllers) by extension 'colcon_meta'
[0.110s] Level 1:colcon.colcon_core.package_identification:_identify(legged_perceptive_controllers) by extensions ['ros']
[0.110s] Level 1:colcon.colcon_core.package_identification:_identify(legged_perceptive_controllers) by extension 'ros'
[0.112s] DEBUG:colcon.colcon_core.package_identification:Package 'legged_perceptive_controllers' with type 'ros.ament_cmake' and name 'legged_perceptive_controllers'
[0.112s] Level 1:colcon.colcon_core.package_identification:_identify(legged_perceptive_description) by extensions ['ignore', 'ignore_ament_install']
[0.112s] Level 1:colcon.colcon_core.package_identification:_identify(legged_perceptive_description) by extension 'ignore'
[0.112s] Level 1:colcon.colcon_core.package_identification:_identify(legged_perceptive_description) by extension 'ignore_ament_install'
[0.112s] Level 1:colcon.colcon_core.package_identification:_identify(legged_perceptive_description) by extensions ['colcon_pkg']
[0.112s] Level 1:colcon.colcon_core.package_identification:_identify(legged_perceptive_description) by extension 'colcon_pkg'
[0.112s] Level 1:colcon.colcon_core.package_identification:_identify(legged_perceptive_description) by extensions ['colcon_meta']
[0.112s] Level 1:colcon.colcon_core.package_identification:_identify(legged_perceptive_description) by extension 'colcon_meta'
[0.112s] Level 1:colcon.colcon_core.package_identification:_identify(legged_perceptive_description) by extensions ['ros']
[0.112s] Level 1:colcon.colcon_core.package_identification:_identify(legged_perceptive_description) by extension 'ros'
[0.112s] DEBUG:colcon.colcon_core.package_identification:Package 'legged_perceptive_description' with type 'ros.ament_cmake' and name 'legged_perceptive_description'
[0.112s] Level 1:colcon.colcon_core.package_identification:_identify(legged_perceptive_interface) by extensions ['ignore', 'ignore_ament_install']
[0.112s] Level 1:colcon.colcon_core.package_identification:_identify(legged_perceptive_interface) by extension 'ignore'
[0.112s] Level 1:colcon.colcon_core.package_identification:_identify(legged_perceptive_interface) by extension 'ignore_ament_install'
[0.112s] Level 1:colcon.colcon_core.package_identification:_identify(legged_perceptive_interface) by extensions ['colcon_pkg']
[0.112s] Level 1:colcon.colcon_core.package_identification:_identify(legged_perceptive_interface) by extension 'colcon_pkg'
[0.112s] Level 1:colcon.colcon_core.package_identification:_identify(legged_perceptive_interface) by extensions ['colcon_meta']
[0.112s] Level 1:colcon.colcon_core.package_identification:_identify(legged_perceptive_interface) by extension 'colcon_meta'
[0.112s] Level 1:colcon.colcon_core.package_identification:_identify(legged_perceptive_interface) by extensions ['ros']
[0.112s] Level 1:colcon.colcon_core.package_identification:_identify(legged_perceptive_interface) by extension 'ros'
[0.113s] DEBUG:colcon.colcon_core.package_identification:Package 'legged_perceptive_interface' with type 'ros.ament_cmake' and name 'legged_perceptive_interface'
[0.113s] Level 1:colcon.colcon_core.package_identification:_identify(log) by extensions ['ignore', 'ignore_ament_install']
[0.113s] Level 1:colcon.colcon_core.package_identification:_identify(log) by extension 'ignore'
[0.113s] Level 1:colcon.colcon_core.package_identification:_identify(log) ignored
[0.113s] Level 1:colcon.colcon_core.package_discovery:discover_packages(recursive) using defaults
[0.113s] Level 1:colcon.colcon_core.package_discovery:discover_packages(ignore) discover
[0.113s] Level 1:colcon.colcon_core.package_discovery:discover_packages(ignore) using defaults
[0.113s] Level 1:colcon.colcon_core.package_discovery:discover_packages(path) discover
[0.113s] Level 1:colcon.colcon_core.package_discovery:discover_packages(path) using defaults
[0.122s] INFO:colcon.colcon_core.package_selection:Skipping package 'legged_perceptive_description' in 'legged_perceptive_description'
[0.122s] Level 5:colcon.colcon_core.verb:set package 'legged_perceptive_interface' build argument 'cmake_args' from command line to '['-DBUILD_TESTING=ON']'
[0.122s] Level 5:colcon.colcon_core.verb:set package 'legged_perceptive_interface' build argument 'cmake_target' from command line to 'None'
[0.122s] Level 5:colcon.colcon_core.verb:set package 'legged_perceptive_interface' build argument 'cmake_target_skip_unavailable' from command line to 'False'
[0.122s] Level 5:colcon.colcon_core.verb:set package 'legged_perceptive_interface' build argument 'cmake_clean_cache' from command line to 'False'
[0.122s] Level 5:colcon.colcon_core.verb:set package 'legged_perceptive_interface' build argument 'cmake_clean_first' from command line to 'False'
[0.122s] Level 5:colcon.colcon_core.verb:set package 'legged_perceptive_interface' build argument 'cmake_force_configure' from command line to 'False'
[0.122s] Level 5:colcon.colcon_core.verb:set package 'legged_perceptive_interface' build argument 'ament_cmake_args' from command line to 'None'
[0.122s] Level 5:colcon.colcon_core.verb:set package 'legged_perceptive_interface' build argument 'catkin_cmake_args' from command line to 'None'
[0.122s] Level 5:colcon.colcon_core.verb:set package 'legged_perceptive_interface' build argument 'catkin_skip_building_tests' from command line to 'False'
[0.122s] DEBUG:colcon.colcon_core.verb:Building package 'legged_perceptive_interface' with the following arguments: {'ament_cmake_args': None, 'build_base': '/workspace/src/legged_perceptive/build/legged_perceptive_interface', 'catkin_cmake_args': None, 'catkin_skip_building_tests': False, 'cmake_args': ['-DBUILD_TESTING=ON'], 'cmake_clean_cache': False, 'cmake_clean_first': False, 'cmake_force_configure': False, 'cmake_target': None, 'cmake_target_skip_unavailable': False, 'install_base': '/workspace/src/legged_perceptive/install/legged_perceptive_interface', 'merge_install': False, 'path': '/workspace/src/legged_perceptive/legged_perceptive_interface', 'symlink_install': False, 'test_result_base': None}
[0.122s] Level 5:colcon.colcon_core.verb:set package 'legged_perceptive_controllers' build argument 'cmake_args' from command line to '['-DBUILD_TESTING=ON']'
[0.122s] Level 5:colcon.colcon_core.verb:set package 'legged_perceptive_controllers' build argument 'cmake_target' from command line to 'None'
[0.122s] Level 5:colcon.colcon_core.verb:set package 'legged_perceptive_controllers' build argument 'cmake_target_skip_unavailable' from command line to 'False'
[0.122s] Level 5:colcon.colcon_core.verb:set package 'legged_perceptive_controllers' build argument 'cmake_clean_cache' from command line to 'False'
[0.122s] Level 5:colcon.colcon_core.verb:set package 'legged_perceptive_controllers' build argument 'cmake_clean_first' from command line to 'False'
[0.122s] Level 5:colcon.colcon_core.verb:set package 'legged_perceptive_controllers' build argument 'cmake_force_configure' from command line to 'False'
[0.122s] Level 5:colcon.colcon_core.verb:set package 'legged_perceptive_controllers' build argument 'ament_cmake_args' from command line to 'None'
[0.122s] Level 5:colcon.colcon_core.verb:set package 'legged_perceptive_controllers' build argument 'catkin_cmake_args' from command line to 'None'
[0.122s] Level 5:colcon.colcon_core.verb:set package 'legged_perceptive_controllers' build argument 'catkin_skip_building_tests' from command line to 'False'
[0.122s] DEBUG:colcon.colcon_core.verb:Building package 'legged_perceptive_controllers' with the following arguments: {'ament_cmake_args': None, 'build_base': '/workspace/src/legged_perceptive/build/legged_perceptive_controllers', 'catkin_cmake_args': None, 'catkin_skip_building_tests': False, 'cmake_args': ['-DBUILD_TESTING=ON'], 'cmake_clean_cache': False, 'cmake_clean_first': False, 'cmake_force_configure': False, 'cmake_target': None, 'cmake_target_skip_unavailable': False, 'install_base': '/workspace/src/legged_perceptive/install/legged_perceptive_controllers', 'merge_install': False, 'path': '/workspace/src/legged_perceptive/legged_perceptive_controllers', 'symlink_install': False, 'test_result_base': None}
[0.123s] INFO:colcon.colcon_core.executor:Executing jobs using 'parallel' executor
[0.123s] DEBUG:colcon.colcon_parallel_executor.executor.parallel:run_until_complete
[0.123s] INFO:colcon.colcon_ros.task.ament_cmake.build:Building ROS package in '/workspace/src/legged_perceptive/legged_perceptive_interface' with build type 'ament_cmake'
[0.124s] INFO:colcon.colcon_cmake.task.cmake.build:Building CMake package in '/workspace/src/legged_perceptive/legged_perceptive_interface'
[0.125s] INFO:colcon.colcon_core.plugin_system:Skipping extension 'colcon_core.shell.bat': Not used on non-Windows systems
[0.125s] INFO:colcon.colcon_core.shell:Skip shell extension 'powershell' for command environment: Not usable outside of PowerShell
[0.125s] DEBUG:colcon.colcon_core.shell:Skip shell extension 'dsv' for command environment
[0.138s] DEBUG:colcon.colcon_core.event_handler.log_command:Invoking command in '/workspace/src/legged_perceptive/build/legged_perceptive_interface': CMAKE_PREFIX_PATH=${CMAKE_PREFIX_PATH}:/opt/ros/humble /usr/bin/cmake --build /workspace/src/legged_perceptive/build/legged_perceptive_interface -- -j20 -l20
[0.241s] DEBUG:colcon.colcon_core.event_handler.log_command:Invoked command in '/workspace/src/legged_perceptive/build/legged_perceptive_interface' returned '0': CMAKE_PREFIX_PATH=${CMAKE_PREFIX_PATH}:/opt/ros/humble /usr/bin/cmake --build /workspace/src/legged_perceptive/build/legged_perceptive_interface -- -j20 -l20
[0.249s] DEBUG:colcon.colcon_core.event_handler.log_command:Invoking command in '/workspace/src/legged_perceptive/build/legged_perceptive_interface': CMAKE_PREFIX_PATH=${CMAKE_PREFIX_PATH}:/opt/ros/humble /usr/bin/cmake --install /workspace/src/legged_perceptive/build/legged_perceptive_interface
[0.257s] Level 1:colcon.colcon_core.environment:create_environment_scripts_only(legged_perceptive_interface)
[0.258s] DEBUG:colcon.colcon_core.event_handler.log_command:Invoked command in '/workspace/src/legged_perceptive/build/legged_perceptive_interface' returned '0': CMAKE_PREFIX_PATH=${CMAKE_PREFIX_PATH}:/opt/ros/humble /usr/bin/cmake --install /workspace/src/legged_perceptive/build/legged_perceptive_interface
[0.259s] Level 1:colcon.colcon_core.environment:checking '/workspace/src/legged_perceptive/install/legged_perceptive_interface' for CMake module files
[0.259s] Level 1:colcon.colcon_core.environment:checking '/workspace/src/legged_perceptive/install/legged_perceptive_interface' for CMake config files
[0.259s] Level 1:colcon.colcon_core.shell:create_environment_hook('legged_perceptive_interface', 'cmake_prefix_path')
[0.259s] INFO:colcon.colcon_core.shell:Creating environment hook '/workspace/src/legged_perceptive/install/legged_perceptive_interface/share/legged_perceptive_interface/hook/cmake_prefix_path.ps1'
[0.259s] INFO:colcon.colcon_core.shell:Creating environment descriptor '/workspace/src/legged_perceptive/install/legged_perceptive_interface/share/legged_perceptive_interface/hook/cmake_prefix_path.dsv'
[0.260s] INFO:colcon.colcon_core.shell:Creating environment hook '/workspace/src/legged_perceptive/install/legged_perceptive_interface/share/legged_perceptive_interface/hook/cmake_prefix_path.sh'
[0.260s] Level 1:colcon.colcon_core.environment:checking '/workspace/src/legged_perceptive/install/legged_perceptive_interface/lib'
[0.260s] Level 1:colcon.colcon_core.environment:checking '/workspace/src/legged_perceptive/install/legged_perceptive_interface/bin'
[0.260s] Level 1:colcon.colcon_core.environment:checking '/workspace/src/legged_perceptive/install/legged_perceptive_interface/lib/pkgconfig/legged_perceptive_interface.pc'
[0.261s] Level 1:colcon.colcon_core.environment:checking '/workspace/src/legged_perceptive/install/legged_perceptive_interface/lib/python3.10/site-packages'
[0.262s] Level 1:colcon.colcon_core.environment:checking '/workspace/src/legged_perceptive/install/legged_perceptive_interface/bin'
[0.262s] INFO:colcon.colcon_core.shell:Creating package script '/workspace/src/legged_perceptive/install/legged_perceptive_interface/share/legged_perceptive_interface/package.ps1'
[0.262s] INFO:colcon.colcon_core.shell:Creating package descriptor '/workspace/src/legged_perceptive/install/legged_perceptive_interface/share/legged_perceptive_interface/package.dsv'
[0.263s] INFO:colcon.colcon_core.shell:Creating package script '/workspace/src/legged_perceptive/install/legged_perceptive_interface/share/legged_perceptive_interface/package.sh'
[0.263s] INFO:colcon.colcon_core.shell:Creating package script '/workspace/src/legged_perceptive/install/legged_perceptive_interface/share/legged_perceptive_interface/package.bash'
[0.263s] INFO:colcon.colcon_core.shell:Creating package script '/workspace/src/legged_perceptive/install/legged_perceptive_interface/share/legged_perceptive_interface/package.zsh'
[0.264s] Level 1:colcon.colcon_core.environment:create_file_with_runtime_dependencies(/workspace/src/legged_perceptive/install/legged_perceptive_interface/share/colcon-core/packages/legged_perceptive_interface)
[0.264s] Level 1:colcon.colcon_core.environment:create_environment_scripts_only(legged_perceptive_interface)
[0.264s] Level 1:colcon.colcon_core.environment:checking '/workspace/src/legged_perceptive/install/legged_perceptive_interface' for CMake module files
[0.264s] Level 1:colcon.colcon_core.environment:checking '/workspace/src/legged_perceptive/install/legged_perceptive_interface' for CMake config files
[0.264s] Level 1:colcon.colcon_core.shell:create_environment_hook('legged_perceptive_interface', 'cmake_prefix_path')
[0.264s] INFO:colcon.colcon_core.shell:Creating environment hook '/workspace/src/legged_perceptive/install/legged_perceptive_interface/share/legged_perceptive_interface/hook/cmake_prefix_path.ps1'
[0.265s] INFO:colcon.colcon_core.shell:Creating environment descriptor '/workspace/src/legged_perceptive/install/legged_perceptive_interface/share/legged_perceptive_interface/hook/cmake_prefix_path.dsv'
[0.265s] INFO:colcon.colcon_core.shell:Creating environment hook '/workspace/src/legged_perceptive/install/legged_perceptive_interface/share/legged_perceptive_interface/hook/cmake_prefix_path.sh'
[0.265s] Level 1:colcon.colcon_core.environment:checking '/workspace/src/legged_perceptive/install/legged_perceptive_interface/lib'
[0.265s] Level 1:colcon.colcon_core.environment:checking '/workspace/src/legged_perceptive/install/legged_perceptive_interface/bin'
[0.265s] Level 1:colcon.colcon_core.environment:checking '/workspace/src/legged_perceptive/install/legged_perceptive_interface/lib/pkgconfig/legged_perceptive_interface.pc'
[0.265s] Level 1:colcon.colcon_core.environment:checking '/workspace/src/legged_perceptive/install/legged_perceptive_interface/lib/python3.10/site-packages'
[0.265s] Level 1:colcon.colcon_core.environment:checking '/workspace/src/legged_perceptive/install/legged_perceptive_interface/bin'
[0.266s] INFO:colcon.colcon_core.shell:Creating package script '/workspace/src/legged_perceptive/install/legged_perceptive_interface/share/legged_perceptive_interface/package.ps1'
[0.266s] INFO:colcon.colcon_core.shell:Creating package descriptor '/workspace/src/legged_perceptive/install/legged_perceptive_interface/share/legged_perceptive_interface/package.dsv'
[0.266s] INFO:colcon.colcon_core.shell:Creating package script '/workspace/src/legged_perceptive/install/legged_perceptive_interface/share/legged_perceptive_interface/package.sh'
[0.266s] INFO:colcon.colcon_core.shell:Creating package script '/workspace/src/legged_perceptive/install/legged_perceptive_interface/share/legged_perceptive_interface/package.bash'
[0.266s] INFO:colcon.colcon_core.shell:Creating package script '/workspace/src/legged_perceptive/install/legged_perceptive_interface/share/legged_perceptive_interface/package.zsh'
[0.267s] Level 1:colcon.colcon_core.environment:create_file_with_runtime_dependencies(/workspace/src/legged_perceptive/install/legged_perceptive_interface/share/colcon-core/packages/legged_perceptive_interface)
[0.267s] INFO:colcon.colcon_ros.task.ament_cmake.build:Building ROS package in '/workspace/src/legged_perceptive/legged_perceptive_controllers' with build type 'ament_cmake'
[0.267s] INFO:colcon.colcon_cmake.task.cmake.build:Building CMake package in '/workspace/src/legged_perceptive/legged_perceptive_controllers'
[0.267s] INFO:colcon.colcon_core.shell:Skip shell extension 'powershell' for command environment: Not usable outside of PowerShell
[0.267s] DEBUG:colcon.colcon_core.shell:Skip shell extension 'dsv' for command environment
[0.275s] DEBUG:colcon.colcon_core.event_handler.log_command:Invoking command in '/workspace/src/legged_perceptive/build/legged_perceptive_controllers': AMENT_PREFIX_PATH=/workspace/src/legged_perceptive/install/legged_perceptive_interface:${AMENT_PREFIX_PATH} CMAKE_PREFIX_PATH=/workspace/src/legged_perceptive/install/legged_perceptive_interface:/workspace/install/p1_dds_joy_tools:/workspace/install/legged_p1_hw:/workspace/install/legged_perceptive_controllers:/workspace/install/legged_controllers:/workspace/install/legged_wbc:/workspace/install/qpoases_vendor:/workspace/install/legged_perceptive_interface:/workspace/install/ocs2_sphere_approximation:/workspace/install/ocs2_self_collision_visualization:/workspace/install/legged_interface:/workspace/install/ocs2_self_collision:/workspace/install/ocs2_legged_robot_ros:/workspace/install/legged_estimation:/workspace/install/ocs2_legged_robot:/workspace/install/ocs2_centroidal_model:/workspace/install/ocs2_pinocchio_interface:/workspace/install/pinocchio:/workspace/install/ocs2_sqp:/workspace/install/ocs2_ros_interfaces:/workspace/install/ocs2_robotic_tools:/workspace/install/ocs2_ipm:/workspace/install/ocs2_ddp:/workspace/install/hpipm_catkin:/workspace/install/ocs2_qp_solver:/workspace/install/ocs2_mpc:/workspace/install/ocs2_oc:/workspace/install/ocs2_core:/workspace/install/ocs2_thirdparty:/workspace/install/ocs2_robotic_assets:/workspace/install/ocs2_msgs:/workspace/install/fast_lio:/workspace/install/livox_ros_driver2:/workspace/install/legged_hw:/workspace/install/legged_gazebo:/workspace/install/legged_description:/workspace/install/legged_common:/workspace/install/elevation_mapping_ros2:/workspace/install/kindr:/workspace/install/hpp-fcl:/workspace/install/grid_map_sdf:/workspace/install/convex_plane_decomposition_ros:/workspace/install/convex_plane_decomposition:/workspace/install/grid_map_filters_rsl:/workspace/install/dds_sdk:/workspace/install/convex_plane_decomposition_msgs:/workspace/install/blasfeo_catkin:/opt/ros/humble LD_LIBRARY_PATH=/workspace/src/legged_perceptive/install/legged_perceptive_interface/lib:${LD_LIBRARY_PATH} /usr/bin/cmake --build /workspace/src/legged_perceptive/build/legged_perceptive_controllers -- -j20 -l20
[0.377s] DEBUG:colcon.colcon_core.event_handler.log_command:Invoked command in '/workspace/src/legged_perceptive/build/legged_perceptive_controllers' returned '0': AMENT_PREFIX_PATH=/workspace/src/legged_perceptive/install/legged_perceptive_interface:${AMENT_PREFIX_PATH} CMAKE_PREFIX_PATH=/workspace/src/legged_perceptive/install/legged_perceptive_interface:/workspace/install/p1_dds_joy_tools:/workspace/install/legged_p1_hw:/workspace/install/legged_perceptive_controllers:/workspace/install/legged_controllers:/workspace/install/legged_wbc:/workspace/install/qpoases_vendor:/workspace/install/legged_perceptive_interface:/workspace/install/ocs2_sphere_approximation:/workspace/install/ocs2_self_collision_visualization:/workspace/install/legged_interface:/workspace/install/ocs2_self_collision:/workspace/install/ocs2_legged_robot_ros:/workspace/install/legged_estimation:/workspace/install/ocs2_legged_robot:/workspace/install/ocs2_centroidal_model:/workspace/install/ocs2_pinocchio_interface:/workspace/install/pinocchio:/workspace/install/ocs2_sqp:/workspace/install/ocs2_ros_interfaces:/workspace/install/ocs2_robotic_tools:/workspace/install/ocs2_ipm:/workspace/install/ocs2_ddp:/workspace/install/hpipm_catkin:/workspace/install/ocs2_qp_solver:/workspace/install/ocs2_mpc:/workspace/install/ocs2_oc:/workspace/install/ocs2_core:/workspace/install/ocs2_thirdparty:/workspace/install/ocs2_robotic_assets:/workspace/install/ocs2_msgs:/workspace/install/fast_lio:/workspace/install/livox_ros_driver2:/workspace/install/legged_hw:/workspace/install/legged_gazebo:/workspace/install/legged_description:/workspace/install/legged_common:/workspace/install/elevation_mapping_ros2:/workspace/install/kindr:/workspace/install/hpp-fcl:/workspace/install/grid_map_sdf:/workspace/install/convex_plane_decomposition_ros:/workspace/install/convex_plane_decomposition:/workspace/install/grid_map_filters_rsl:/workspace/install/dds_sdk:/workspace/install/convex_plane_decomposition_msgs:/workspace/install/blasfeo_catkin:/opt/ros/humble LD_LIBRARY_PATH=/workspace/src/legged_perceptive/install/legged_perceptive_interface/lib:${LD_LIBRARY_PATH} /usr/bin/cmake --build /workspace/src/legged_perceptive/build/legged_perceptive_controllers -- -j20 -l20
[0.377s] DEBUG:colcon.colcon_core.event_handler.log_command:Invoking command in '/workspace/src/legged_perceptive/build/legged_perceptive_controllers': AMENT_PREFIX_PATH=/workspace/src/legged_perceptive/install/legged_perceptive_interface:${AMENT_PREFIX_PATH} CMAKE_PREFIX_PATH=/workspace/src/legged_perceptive/install/legged_perceptive_interface:/workspace/install/p1_dds_joy_tools:/workspace/install/legged_p1_hw:/workspace/install/legged_perceptive_controllers:/workspace/install/legged_controllers:/workspace/install/legged_wbc:/workspace/install/qpoases_vendor:/workspace/install/legged_perceptive_interface:/workspace/install/ocs2_sphere_approximation:/workspace/install/ocs2_self_collision_visualization:/workspace/install/legged_interface:/workspace/install/ocs2_self_collision:/workspace/install/ocs2_legged_robot_ros:/workspace/install/legged_estimation:/workspace/install/ocs2_legged_robot:/workspace/install/ocs2_centroidal_model:/workspace/install/ocs2_pinocchio_interface:/workspace/install/pinocchio:/workspace/install/ocs2_sqp:/workspace/install/ocs2_ros_interfaces:/workspace/install/ocs2_robotic_tools:/workspace/install/ocs2_ipm:/workspace/install/ocs2_ddp:/workspace/install/hpipm_catkin:/workspace/install/ocs2_qp_solver:/workspace/install/ocs2_mpc:/workspace/install/ocs2_oc:/workspace/install/ocs2_core:/workspace/install/ocs2_thirdparty:/workspace/install/ocs2_robotic_assets:/workspace/install/ocs2_msgs:/workspace/install/fast_lio:/workspace/install/livox_ros_driver2:/workspace/install/legged_hw:/workspace/install/legged_gazebo:/workspace/install/legged_description:/workspace/install/legged_common:/workspace/install/elevation_mapping_ros2:/workspace/install/kindr:/workspace/install/hpp-fcl:/workspace/install/grid_map_sdf:/workspace/install/convex_plane_decomposition_ros:/workspace/install/convex_plane_decomposition:/workspace/install/grid_map_filters_rsl:/workspace/install/dds_sdk:/workspace/install/convex_plane_decomposition_msgs:/workspace/install/blasfeo_catkin:/opt/ros/humble LD_LIBRARY_PATH=/workspace/src/legged_perceptive/install/legged_perceptive_interface/lib:${LD_LIBRARY_PATH} /usr/bin/cmake --install /workspace/src/legged_perceptive/build/legged_perceptive_controllers
[0.386s] Level 1:colcon.colcon_core.environment:create_environment_scripts_only(legged_perceptive_controllers)
[0.386s] Level 1:colcon.colcon_core.environment:checking '/workspace/src/legged_perceptive/install/legged_perceptive_controllers' for CMake module files
[0.387s] Level 1:colcon.colcon_core.environment:checking '/workspace/src/legged_perceptive/install/legged_perceptive_controllers' for CMake config files
[0.387s] DEBUG:colcon.colcon_core.event_handler.log_command:Invoked command in '/workspace/src/legged_perceptive/build/legged_perceptive_controllers' returned '0': AMENT_PREFIX_PATH=/workspace/src/legged_perceptive/install/legged_perceptive_interface:${AMENT_PREFIX_PATH} CMAKE_PREFIX_PATH=/workspace/src/legged_perceptive/install/legged_perceptive_interface:/workspace/install/p1_dds_joy_tools:/workspace/install/legged_p1_hw:/workspace/install/legged_perceptive_controllers:/workspace/install/legged_controllers:/workspace/install/legged_wbc:/workspace/install/qpoases_vendor:/workspace/install/legged_perceptive_interface:/workspace/install/ocs2_sphere_approximation:/workspace/install/ocs2_self_collision_visualization:/workspace/install/legged_interface:/workspace/install/ocs2_self_collision:/workspace/install/ocs2_legged_robot_ros:/workspace/install/legged_estimation:/workspace/install/ocs2_legged_robot:/workspace/install/ocs2_centroidal_model:/workspace/install/ocs2_pinocchio_interface:/workspace/install/pinocchio:/workspace/install/ocs2_sqp:/workspace/install/ocs2_ros_interfaces:/workspace/install/ocs2_robotic_tools:/workspace/install/ocs2_ipm:/workspace/install/ocs2_ddp:/workspace/install/hpipm_catkin:/workspace/install/ocs2_qp_solver:/workspace/install/ocs2_mpc:/workspace/install/ocs2_oc:/workspace/install/ocs2_core:/workspace/install/ocs2_thirdparty:/workspace/install/ocs2_robotic_assets:/workspace/install/ocs2_msgs:/workspace/install/fast_lio:/workspace/install/livox_ros_driver2:/workspace/install/legged_hw:/workspace/install/legged_gazebo:/workspace/install/legged_description:/workspace/install/legged_common:/workspace/install/elevation_mapping_ros2:/workspace/install/kindr:/workspace/install/hpp-fcl:/workspace/install/grid_map_sdf:/workspace/install/convex_plane_decomposition_ros:/workspace/install/convex_plane_decomposition:/workspace/install/grid_map_filters_rsl:/workspace/install/dds_sdk:/workspace/install/convex_plane_decomposition_msgs:/workspace/install/blasfeo_catkin:/opt/ros/humble LD_LIBRARY_PATH=/workspace/src/legged_perceptive/install/legged_perceptive_interface/lib:${LD_LIBRARY_PATH} /usr/bin/cmake --install /workspace/src/legged_perceptive/build/legged_perceptive_controllers
[0.387s] Level 1:colcon.colcon_core.shell:create_environment_hook('legged_perceptive_controllers', 'cmake_prefix_path')
[0.387s] INFO:colcon.colcon_core.shell:Creating environment hook '/workspace/src/legged_perceptive/install/legged_perceptive_controllers/share/legged_perceptive_controllers/hook/cmake_prefix_path.ps1'
[0.388s] INFO:colcon.colcon_core.shell:Creating environment descriptor '/workspace/src/legged_perceptive/install/legged_perceptive_controllers/share/legged_perceptive_controllers/hook/cmake_prefix_path.dsv'
[0.388s] INFO:colcon.colcon_core.shell:Creating environment hook '/workspace/src/legged_perceptive/install/legged_perceptive_controllers/share/legged_perceptive_controllers/hook/cmake_prefix_path.sh'
[0.388s] Level 1:colcon.colcon_core.environment:checking '/workspace/src/legged_perceptive/install/legged_perceptive_controllers/lib'
[0.388s] Level 1:colcon.colcon_core.shell:create_environment_hook('legged_perceptive_controllers', 'ld_library_path_lib')
[0.388s] INFO:colcon.colcon_core.shell:Creating environment hook '/workspace/src/legged_perceptive/install/legged_perceptive_controllers/share/legged_perceptive_controllers/hook/ld_library_path_lib.ps1'
[0.388s] INFO:colcon.colcon_core.shell:Creating environment descriptor '/workspace/src/legged_perceptive/install/legged_perceptive_controllers/share/legged_perceptive_controllers/hook/ld_library_path_lib.dsv'
[0.389s] INFO:colcon.colcon_core.shell:Creating environment hook '/workspace/src/legged_perceptive/install/legged_perceptive_controllers/share/legged_perceptive_controllers/hook/ld_library_path_lib.sh'
[0.389s] Level 1:colcon.colcon_core.environment:checking '/workspace/src/legged_perceptive/install/legged_perceptive_controllers/bin'
[0.389s] Level 1:colcon.colcon_core.environment:checking '/workspace/src/legged_perceptive/install/legged_perceptive_controllers/lib/pkgconfig/legged_perceptive_controllers.pc'
[0.389s] Level 1:colcon.colcon_core.environment:checking '/workspace/src/legged_perceptive/install/legged_perceptive_controllers/lib/python3.10/site-packages'
[0.389s] Level 1:colcon.colcon_core.environment:checking '/workspace/src/legged_perceptive/install/legged_perceptive_controllers/bin'
[0.389s] INFO:colcon.colcon_core.shell:Creating package script '/workspace/src/legged_perceptive/install/legged_perceptive_controllers/share/legged_perceptive_controllers/package.ps1'
[0.390s] INFO:colcon.colcon_core.shell:Creating package descriptor '/workspace/src/legged_perceptive/install/legged_perceptive_controllers/share/legged_perceptive_controllers/package.dsv'
[0.390s] INFO:colcon.colcon_core.shell:Creating package script '/workspace/src/legged_perceptive/install/legged_perceptive_controllers/share/legged_perceptive_controllers/package.sh'
[0.390s] INFO:colcon.colcon_core.shell:Creating package script '/workspace/src/legged_perceptive/install/legged_perceptive_controllers/share/legged_perceptive_controllers/package.bash'
[0.390s] INFO:colcon.colcon_core.shell:Creating package script '/workspace/src/legged_perceptive/install/legged_perceptive_controllers/share/legged_perceptive_controllers/package.zsh'
[0.390s] Level 1:colcon.colcon_core.environment:create_file_with_runtime_dependencies(/workspace/src/legged_perceptive/install/legged_perceptive_controllers/share/colcon-core/packages/legged_perceptive_controllers)
[0.390s] Level 1:colcon.colcon_core.environment:create_environment_scripts_only(legged_perceptive_controllers)
[0.391s] Level 1:colcon.colcon_core.environment:checking '/workspace/src/legged_perceptive/install/legged_perceptive_controllers' for CMake module files
[0.391s] Level 1:colcon.colcon_core.environment:checking '/workspace/src/legged_perceptive/install/legged_perceptive_controllers' for CMake config files
[0.391s] Level 1:colcon.colcon_core.shell:create_environment_hook('legged_perceptive_controllers', 'cmake_prefix_path')
[0.391s] INFO:colcon.colcon_core.shell:Creating environment hook '/workspace/src/legged_perceptive/install/legged_perceptive_controllers/share/legged_perceptive_controllers/hook/cmake_prefix_path.ps1'
[0.391s] INFO:colcon.colcon_core.shell:Creating environment descriptor '/workspace/src/legged_perceptive/install/legged_perceptive_controllers/share/legged_perceptive_controllers/hook/cmake_prefix_path.dsv'
[0.391s] INFO:colcon.colcon_core.shell:Creating environment hook '/workspace/src/legged_perceptive/install/legged_perceptive_controllers/share/legged_perceptive_controllers/hook/cmake_prefix_path.sh'
[0.392s] Level 1:colcon.colcon_core.environment:checking '/workspace/src/legged_perceptive/install/legged_perceptive_controllers/lib'
[0.392s] Level 1:colcon.colcon_core.shell:create_environment_hook('legged_perceptive_controllers', 'ld_library_path_lib')
[0.392s] INFO:colcon.colcon_core.shell:Creating environment hook '/workspace/src/legged_perceptive/install/legged_perceptive_controllers/share/legged_perceptive_controllers/hook/ld_library_path_lib.ps1'
[0.392s] INFO:colcon.colcon_core.shell:Creating environment descriptor '/workspace/src/legged_perceptive/install/legged_perceptive_controllers/share/legged_perceptive_controllers/hook/ld_library_path_lib.dsv'
[0.392s] INFO:colcon.colcon_core.shell:Creating environment hook '/workspace/src/legged_perceptive/install/legged_perceptive_controllers/share/legged_perceptive_controllers/hook/ld_library_path_lib.sh'
[0.392s] Level 1:colcon.colcon_core.environment:checking '/workspace/src/legged_perceptive/install/legged_perceptive_controllers/bin'
[0.392s] Level 1:colcon.colcon_core.environment:checking '/workspace/src/legged_perceptive/install/legged_perceptive_controllers/lib/pkgconfig/legged_perceptive_controllers.pc'
[0.392s] Level 1:colcon.colcon_core.environment:checking '/workspace/src/legged_perceptive/install/legged_perceptive_controllers/lib/python3.10/site-packages'
[0.393s] Level 1:colcon.colcon_core.environment:checking '/workspace/src/legged_perceptive/install/legged_perceptive_controllers/bin'
[0.393s] INFO:colcon.colcon_core.shell:Creating package script '/workspace/src/legged_perceptive/install/legged_perceptive_controllers/share/legged_perceptive_controllers/package.ps1'
[0.393s] INFO:colcon.colcon_core.shell:Creating package descriptor '/workspace/src/legged_perceptive/install/legged_perceptive_controllers/share/legged_perceptive_controllers/package.dsv'
[0.393s] INFO:colcon.colcon_core.shell:Creating package script '/workspace/src/legged_perceptive/install/legged_perceptive_controllers/share/legged_perceptive_controllers/package.sh'
[0.393s] INFO:colcon.colcon_core.shell:Creating package script '/workspace/src/legged_perceptive/install/legged_perceptive_controllers/share/legged_perceptive_controllers/package.bash'
[0.394s] INFO:colcon.colcon_core.shell:Creating package script '/workspace/src/legged_perceptive/install/legged_perceptive_controllers/share/legged_perceptive_controllers/package.zsh'
[0.394s] Level 1:colcon.colcon_core.environment:create_file_with_runtime_dependencies(/workspace/src/legged_perceptive/install/legged_perceptive_controllers/share/colcon-core/packages/legged_perceptive_controllers)
[0.394s] DEBUG:colcon.colcon_parallel_executor.executor.parallel:closing loop
[0.394s] DEBUG:colcon.colcon_parallel_executor.executor.parallel:loop closed
[0.394s] DEBUG:colcon.colcon_parallel_executor.executor.parallel:run_until_complete finished with '0'
[0.394s] DEBUG:colcon.colcon_core.event_reactor:joining thread
[0.397s] INFO:colcon.colcon_core.plugin_system:Skipping extension 'colcon_notification.desktop_notification.notify_send': Could not find 'notify-send'
[0.397s] INFO:colcon.colcon_core.plugin_system:Skipping extension 'colcon_notification.desktop_notification.terminal_notifier': Not used on non-Darwin systems
[0.397s] INFO:colcon.colcon_core.plugin_system:Skipping extension 'colcon_notification.desktop_notification.win32': Not used on non-Windows systems
[0.397s] INFO:colcon.colcon_notification.desktop_notification:Sending desktop notification using 'notify2'
[0.399s] DEBUG:colcon.colcon_notification.desktop_notification.notify2:Failed to initialize notify2: org.freedesktop.DBus.Error.Spawn.ExecFailed: /usr/bin/dbus-launch terminated abnormally without any error message
[0.399s] DEBUG:colcon.colcon_core.event_reactor:joined thread
[0.400s] INFO:colcon.colcon_core.shell:Creating prefix script '/workspace/src/legged_perceptive/install/local_setup.ps1'
[0.400s] INFO:colcon.colcon_core.shell:Creating prefix util module '/workspace/src/legged_perceptive/install/_local_setup_util_ps1.py'
[0.401s] INFO:colcon.colcon_core.shell:Creating prefix chain script '/workspace/src/legged_perceptive/install/setup.ps1'
[0.402s] INFO:colcon.colcon_core.shell:Creating prefix script '/workspace/src/legged_perceptive/install/local_setup.sh'
[0.403s] INFO:colcon.colcon_core.shell:Creating prefix util module '/workspace/src/legged_perceptive/install/_local_setup_util_sh.py'
[0.403s] INFO:colcon.colcon_core.shell:Creating prefix chain script '/workspace/src/legged_perceptive/install/setup.sh'
[0.404s] INFO:colcon.colcon_core.shell:Creating prefix script '/workspace/src/legged_perceptive/install/local_setup.bash'
[0.404s] INFO:colcon.colcon_core.shell:Creating prefix chain script '/workspace/src/legged_perceptive/install/setup.bash'
[0.405s] INFO:colcon.colcon_core.shell:Creating prefix script '/workspace/src/legged_perceptive/install/local_setup.zsh'
[0.406s] INFO:colcon.colcon_core.shell:Creating prefix chain script '/workspace/src/legged_perceptive/install/setup.zsh'
