[0.008s] Invoking command in '/workspace/src/legged_perceptive/build/legged_perceptive_controllers': AMENT_PREFIX_PATH=/workspace/src/legged_perceptive/install/legged_perceptive_interface:${AMENT_PREFIX_PATH} CMAKE_PREFIX_PATH=/workspace/src/legged_perceptive/install/legged_perceptive_interface:/workspace/install/p1_dds_joy_tools:/workspace/install/legged_p1_hw:/workspace/install/legged_perceptive_controllers:/workspace/install/legged_controllers:/workspace/install/legged_wbc:/workspace/install/qpoases_vendor:/workspace/install/legged_perceptive_interface:/workspace/install/ocs2_sphere_approximation:/workspace/install/ocs2_self_collision_visualization:/workspace/install/legged_interface:/workspace/install/ocs2_self_collision:/workspace/install/ocs2_legged_robot_ros:/workspace/install/legged_estimation:/workspace/install/ocs2_legged_robot:/workspace/install/ocs2_centroidal_model:/workspace/install/ocs2_pinocchio_interface:/workspace/install/pinocchio:/workspace/install/ocs2_sqp:/workspace/install/ocs2_ros_interfaces:/workspace/install/ocs2_robotic_tools:/workspace/install/ocs2_ipm:/workspace/install/ocs2_ddp:/workspace/install/hpipm_catkin:/workspace/install/ocs2_qp_solver:/workspace/install/ocs2_mpc:/workspace/install/ocs2_oc:/workspace/install/ocs2_core:/workspace/install/ocs2_thirdparty:/workspace/install/ocs2_robotic_assets:/workspace/install/ocs2_msgs:/workspace/install/fast_lio:/workspace/install/livox_ros_driver2:/workspace/install/legged_hw:/workspace/install/legged_gazebo:/workspace/install/legged_description:/workspace/install/legged_common:/workspace/install/elevation_mapping_ros2:/workspace/install/kindr:/workspace/install/hpp-fcl:/workspace/install/grid_map_sdf:/workspace/install/convex_plane_decomposition_ros:/workspace/install/convex_plane_decomposition:/workspace/install/grid_map_filters_rsl:/workspace/install/dds_sdk:/workspace/install/convex_plane_decomposition_msgs:/workspace/install/blasfeo_catkin:/opt/ros/humble LD_LIBRARY_PATH=/workspace/src/legged_perceptive/install/legged_perceptive_interface/lib:${LD_LIBRARY_PATH} /usr/bin/cmake --build /workspace/src/legged_perceptive/build/legged_perceptive_controllers -- -j20 -l20
[0.055s] [ 25%] Built target grid_map_publisher
[0.084s] [ 37%] Linking CXX shared library liblegged_perceptive_controllers.so
[2.242s] [100%] Built target legged_perceptive_controllers
[2.302s] Invoked command in '/workspace/src/legged_perceptive/build/legged_perceptive_controllers' returned '0': AMENT_PREFIX_PATH=/workspace/src/legged_perceptive/install/legged_perceptive_interface:${AMENT_PREFIX_PATH} CMAKE_PREFIX_PATH=/workspace/src/legged_perceptive/install/legged_perceptive_interface:/workspace/install/p1_dds_joy_tools:/workspace/install/legged_p1_hw:/workspace/install/legged_perceptive_controllers:/workspace/install/legged_controllers:/workspace/install/legged_wbc:/workspace/install/qpoases_vendor:/workspace/install/legged_perceptive_interface:/workspace/install/ocs2_sphere_approximation:/workspace/install/ocs2_self_collision_visualization:/workspace/install/legged_interface:/workspace/install/ocs2_self_collision:/workspace/install/ocs2_legged_robot_ros:/workspace/install/legged_estimation:/workspace/install/ocs2_legged_robot:/workspace/install/ocs2_centroidal_model:/workspace/install/ocs2_pinocchio_interface:/workspace/install/pinocchio:/workspace/install/ocs2_sqp:/workspace/install/ocs2_ros_interfaces:/workspace/install/ocs2_robotic_tools:/workspace/install/ocs2_ipm:/workspace/install/ocs2_ddp:/workspace/install/hpipm_catkin:/workspace/install/ocs2_qp_solver:/workspace/install/ocs2_mpc:/workspace/install/ocs2_oc:/workspace/install/ocs2_core:/workspace/install/ocs2_thirdparty:/workspace/install/ocs2_robotic_assets:/workspace/install/ocs2_msgs:/workspace/install/fast_lio:/workspace/install/livox_ros_driver2:/workspace/install/legged_hw:/workspace/install/legged_gazebo:/workspace/install/legged_description:/workspace/install/legged_common:/workspace/install/elevation_mapping_ros2:/workspace/install/kindr:/workspace/install/hpp-fcl:/workspace/install/grid_map_sdf:/workspace/install/convex_plane_decomposition_ros:/workspace/install/convex_plane_decomposition:/workspace/install/grid_map_filters_rsl:/workspace/install/dds_sdk:/workspace/install/convex_plane_decomposition_msgs:/workspace/install/blasfeo_catkin:/opt/ros/humble LD_LIBRARY_PATH=/workspace/src/legged_perceptive/install/legged_perceptive_interface/lib:${LD_LIBRARY_PATH} /usr/bin/cmake --build /workspace/src/legged_perceptive/build/legged_perceptive_controllers -- -j20 -l20
[2.303s] Invoking command in '/workspace/src/legged_perceptive/build/legged_perceptive_controllers': AMENT_PREFIX_PATH=/workspace/src/legged_perceptive/install/legged_perceptive_interface:${AMENT_PREFIX_PATH} CMAKE_PREFIX_PATH=/workspace/src/legged_perceptive/install/legged_perceptive_interface:/workspace/install/p1_dds_joy_tools:/workspace/install/legged_p1_hw:/workspace/install/legged_perceptive_controllers:/workspace/install/legged_controllers:/workspace/install/legged_wbc:/workspace/install/qpoases_vendor:/workspace/install/legged_perceptive_interface:/workspace/install/ocs2_sphere_approximation:/workspace/install/ocs2_self_collision_visualization:/workspace/install/legged_interface:/workspace/install/ocs2_self_collision:/workspace/install/ocs2_legged_robot_ros:/workspace/install/legged_estimation:/workspace/install/ocs2_legged_robot:/workspace/install/ocs2_centroidal_model:/workspace/install/ocs2_pinocchio_interface:/workspace/install/pinocchio:/workspace/install/ocs2_sqp:/workspace/install/ocs2_ros_interfaces:/workspace/install/ocs2_robotic_tools:/workspace/install/ocs2_ipm:/workspace/install/ocs2_ddp:/workspace/install/hpipm_catkin:/workspace/install/ocs2_qp_solver:/workspace/install/ocs2_mpc:/workspace/install/ocs2_oc:/workspace/install/ocs2_core:/workspace/install/ocs2_thirdparty:/workspace/install/ocs2_robotic_assets:/workspace/install/ocs2_msgs:/workspace/install/fast_lio:/workspace/install/livox_ros_driver2:/workspace/install/legged_hw:/workspace/install/legged_gazebo:/workspace/install/legged_description:/workspace/install/legged_common:/workspace/install/elevation_mapping_ros2:/workspace/install/kindr:/workspace/install/hpp-fcl:/workspace/install/grid_map_sdf:/workspace/install/convex_plane_decomposition_ros:/workspace/install/convex_plane_decomposition:/workspace/install/grid_map_filters_rsl:/workspace/install/dds_sdk:/workspace/install/convex_plane_decomposition_msgs:/workspace/install/blasfeo_catkin:/opt/ros/humble LD_LIBRARY_PATH=/workspace/src/legged_perceptive/install/legged_perceptive_interface/lib:${LD_LIBRARY_PATH} /usr/bin/cmake --install /workspace/src/legged_perceptive/build/legged_perceptive_controllers
[2.308s] -- Install configuration: ""
[2.308s] -- Up-to-date: /workspace/src/legged_perceptive/install/legged_perceptive_controllers/share/legged_perceptive_controllers/legged_perceptive_controllers_plugins.xml
[2.308s] -- Installing: /workspace/src/legged_perceptive/install/legged_perceptive_controllers/lib/liblegged_perceptive_controllers.so
[2.350s] -- Set runtime path of "/workspace/src/legged_perceptive/install/legged_perceptive_controllers/lib/liblegged_perceptive_controllers.so" to ""
[2.350s] -- Up-to-date: /workspace/src/legged_perceptive/install/legged_perceptive_controllers/lib/legged_perceptive_controllers/grid_map_publisher
[2.350s] -- Up-to-date: /workspace/src/legged_perceptive/install/legged_perceptive_controllers/include/legged_perceptive_controllers
[2.350s] -- Up-to-date: /workspace/src/legged_perceptive/install/legged_perceptive_controllers/include/legged_perceptive_controllers/visualization
[2.350s] -- Up-to-date: /workspace/src/legged_perceptive/install/legged_perceptive_controllers/include/legged_perceptive_controllers/visualization/SphereVisualization.h
[2.350s] -- Up-to-date: /workspace/src/legged_perceptive/install/legged_perceptive_controllers/include/legged_perceptive_controllers/visualization/FootPlacementVisualization.h
[2.350s] -- Up-to-date: /workspace/src/legged_perceptive/install/legged_perceptive_controllers/include/legged_perceptive_controllers/PerceptiveController.h
[2.350s] -- Up-to-date: /workspace/src/legged_perceptive/install/legged_perceptive_controllers/include/legged_perceptive_controllers/PerceptiveCheaterController.h
[2.350s] -- Up-to-date: /workspace/src/legged_perceptive/install/legged_perceptive_controllers/include/legged_perceptive_controllers/synchronized_module
[2.350s] -- Up-to-date: /workspace/src/legged_perceptive/install/legged_perceptive_controllers/include/legged_perceptive_controllers/synchronized_module/PlanarTerrainReceiver.h
[2.350s] -- Up-to-date: /workspace/src/legged_perceptive/install/legged_perceptive_controllers/share/legged_perceptive_controllers/legged_perceptive_controllers_plugins.xml
[2.350s] -- Up-to-date: /workspace/src/legged_perceptive/install/legged_perceptive_controllers/share/legged_perceptive_controllers/config
[2.350s] -- Up-to-date: /workspace/src/legged_perceptive/install/legged_perceptive_controllers/share/legged_perceptive_controllers/config/p1
[2.350s] -- Up-to-date: /workspace/src/legged_perceptive/install/legged_perceptive_controllers/share/legged_perceptive_controllers/config/p1/task.info
[2.350s] -- Up-to-date: /workspace/src/legged_perceptive/install/legged_perceptive_controllers/share/legged_perceptive_controllers/config/aliengo
[2.350s] -- Up-to-date: /workspace/src/legged_perceptive/install/legged_perceptive_controllers/share/legged_perceptive_controllers/config/aliengo/task.info
[2.351s] -- Up-to-date: /workspace/src/legged_perceptive/install/legged_perceptive_controllers/share/legged_perceptive_controllers/config/k20
[2.351s] -- Up-to-date: /workspace/src/legged_perceptive/install/legged_perceptive_controllers/share/legged_perceptive_controllers/config/k20/task.info
[2.351s] -- Up-to-date: /workspace/src/legged_perceptive/install/legged_perceptive_controllers/share/legged_perceptive_controllers/config/rviz.rviz
[2.351s] -- Up-to-date: /workspace/src/legged_perceptive/install/legged_perceptive_controllers/share/legged_perceptive_controllers/config/a1
[2.351s] -- Up-to-date: /workspace/src/legged_perceptive/install/legged_perceptive_controllers/share/legged_perceptive_controllers/config/a1/task.info
[2.351s] -- Up-to-date: /workspace/src/legged_perceptive/install/legged_perceptive_controllers/share/legged_perceptive_controllers/config/elevation_mapping.yaml
[2.351s] -- Up-to-date: /workspace/src/legged_perceptive/install/legged_perceptive_controllers/share/legged_perceptive_controllers/config/body_filter.yaml
[2.352s] -- Up-to-date: /workspace/src/legged_perceptive/install/legged_perceptive_controllers/share/legged_perceptive_controllers/config/default.yaml
[2.352s] -- Up-to-date: /workspace/src/legged_perceptive/install/legged_perceptive_controllers/share/legged_perceptive_controllers/config/convex_plane_decomposition.yaml
[2.352s] -- Up-to-date: /workspace/src/legged_perceptive/install/legged_perceptive_controllers/share/legged_perceptive_controllers/launch
[2.352s] -- Up-to-date: /workspace/src/legged_perceptive/install/legged_perceptive_controllers/share/legged_perceptive_controllers/launch/load_controller.launch.py
[2.352s] -- Up-to-date: /workspace/src/legged_perceptive/install/legged_perceptive_controllers/share/legged_perceptive_controllers/environment/library_path.sh
[2.352s] -- Up-to-date: /workspace/src/legged_perceptive/install/legged_perceptive_controllers/share/legged_perceptive_controllers/environment/library_path.dsv
[2.352s] -- Up-to-date: /workspace/src/legged_perceptive/install/legged_perceptive_controllers/share/ament_index/resource_index/package_run_dependencies/legged_perceptive_controllers
[2.352s] -- Up-to-date: /workspace/src/legged_perceptive/install/legged_perceptive_controllers/share/ament_index/resource_index/parent_prefix_path/legged_perceptive_controllers
[2.352s] -- Up-to-date: /workspace/src/legged_perceptive/install/legged_perceptive_controllers/share/legged_perceptive_controllers/environment/ament_prefix_path.sh
[2.352s] -- Up-to-date: /workspace/src/legged_perceptive/install/legged_perceptive_controllers/share/legged_perceptive_controllers/environment/ament_prefix_path.dsv
[2.352s] -- Up-to-date: /workspace/src/legged_perceptive/install/legged_perceptive_controllers/share/legged_perceptive_controllers/environment/path.sh
[2.352s] -- Up-to-date: /workspace/src/legged_perceptive/install/legged_perceptive_controllers/share/legged_perceptive_controllers/environment/path.dsv
[2.352s] -- Up-to-date: /workspace/src/legged_perceptive/install/legged_perceptive_controllers/share/legged_perceptive_controllers/local_setup.bash
[2.352s] -- Up-to-date: /workspace/src/legged_perceptive/install/legged_perceptive_controllers/share/legged_perceptive_controllers/local_setup.sh
[2.353s] -- Up-to-date: /workspace/src/legged_perceptive/install/legged_perceptive_controllers/share/legged_perceptive_controllers/local_setup.zsh
[2.353s] -- Up-to-date: /workspace/src/legged_perceptive/install/legged_perceptive_controllers/share/legged_perceptive_controllers/local_setup.dsv
[2.353s] -- Installing: /workspace/src/legged_perceptive/install/legged_perceptive_controllers/share/legged_perceptive_controllers/package.dsv
[2.353s] -- Up-to-date: /workspace/src/legged_perceptive/install/legged_perceptive_controllers/share/ament_index/resource_index/packages/legged_perceptive_controllers
[2.353s] -- Up-to-date: /workspace/src/legged_perceptive/install/legged_perceptive_controllers/share/ament_index/resource_index/controller_interface__pluginlib__plugin/legged_perceptive_controllers
[2.353s] -- Up-to-date: /workspace/src/legged_perceptive/install/legged_perceptive_controllers/share/legged_perceptive_controllers/cmake/export_legged_perceptive_controllersExport.cmake
[2.353s] -- Up-to-date: /workspace/src/legged_perceptive/install/legged_perceptive_controllers/share/legged_perceptive_controllers/cmake/export_legged_perceptive_controllersExport-noconfig.cmake
[2.353s] -- Up-to-date: /workspace/src/legged_perceptive/install/legged_perceptive_controllers/share/legged_perceptive_controllers/cmake/ament_cmake_export_include_directories-extras.cmake
[2.354s] -- Up-to-date: /workspace/src/legged_perceptive/install/legged_perceptive_controllers/share/legged_perceptive_controllers/cmake/ament_cmake_export_libraries-extras.cmake
[2.354s] -- Up-to-date: /workspace/src/legged_perceptive/install/legged_perceptive_controllers/share/legged_perceptive_controllers/cmake/ament_cmake_export_targets-extras.cmake
[2.355s] -- Up-to-date: /workspace/src/legged_perceptive/install/legged_perceptive_controllers/share/legged_perceptive_controllers/cmake/ament_cmake_export_dependencies-extras.cmake
[2.355s] -- Up-to-date: /workspace/src/legged_perceptive/install/legged_perceptive_controllers/share/legged_perceptive_controllers/cmake/legged_perceptive_controllersConfig.cmake
[2.355s] -- Up-to-date: /workspace/src/legged_perceptive/install/legged_perceptive_controllers/share/legged_perceptive_controllers/cmake/legged_perceptive_controllersConfig-version.cmake
[2.356s] -- Up-to-date: /workspace/src/legged_perceptive/install/legged_perceptive_controllers/share/legged_perceptive_controllers/package.xml
[2.356s] Invoked command in '/workspace/src/legged_perceptive/build/legged_perceptive_controllers' returned '0': AMENT_PREFIX_PATH=/workspace/src/legged_perceptive/install/legged_perceptive_interface:${AMENT_PREFIX_PATH} CMAKE_PREFIX_PATH=/workspace/src/legged_perceptive/install/legged_perceptive_interface:/workspace/install/p1_dds_joy_tools:/workspace/install/legged_p1_hw:/workspace/install/legged_perceptive_controllers:/workspace/install/legged_controllers:/workspace/install/legged_wbc:/workspace/install/qpoases_vendor:/workspace/install/legged_perceptive_interface:/workspace/install/ocs2_sphere_approximation:/workspace/install/ocs2_self_collision_visualization:/workspace/install/legged_interface:/workspace/install/ocs2_self_collision:/workspace/install/ocs2_legged_robot_ros:/workspace/install/legged_estimation:/workspace/install/ocs2_legged_robot:/workspace/install/ocs2_centroidal_model:/workspace/install/ocs2_pinocchio_interface:/workspace/install/pinocchio:/workspace/install/ocs2_sqp:/workspace/install/ocs2_ros_interfaces:/workspace/install/ocs2_robotic_tools:/workspace/install/ocs2_ipm:/workspace/install/ocs2_ddp:/workspace/install/hpipm_catkin:/workspace/install/ocs2_qp_solver:/workspace/install/ocs2_mpc:/workspace/install/ocs2_oc:/workspace/install/ocs2_core:/workspace/install/ocs2_thirdparty:/workspace/install/ocs2_robotic_assets:/workspace/install/ocs2_msgs:/workspace/install/fast_lio:/workspace/install/livox_ros_driver2:/workspace/install/legged_hw:/workspace/install/legged_gazebo:/workspace/install/legged_description:/workspace/install/legged_common:/workspace/install/elevation_mapping_ros2:/workspace/install/kindr:/workspace/install/hpp-fcl:/workspace/install/grid_map_sdf:/workspace/install/convex_plane_decomposition_ros:/workspace/install/convex_plane_decomposition:/workspace/install/grid_map_filters_rsl:/workspace/install/dds_sdk:/workspace/install/convex_plane_decomposition_msgs:/workspace/install/blasfeo_catkin:/opt/ros/humble LD_LIBRARY_PATH=/workspace/src/legged_perceptive/install/legged_perceptive_interface/lib:${LD_LIBRARY_PATH} /usr/bin/cmake --install /workspace/src/legged_perceptive/build/legged_perceptive_controllers
