[ 11%] Built target gtest_main
[ 23%] Built target gtest
[ 76%] Built target legged_perceptive_interface
[ 88%] Built target test_perceptive_reference_manager
[100%] Built target test_convex_region_selector_timing
-- Install configuration: ""
-- Up-to-date: /workspace/src/legged_perceptive/install/legged_perceptive_interface/lib/liblegged_perceptive_interface.a
-- Up-to-date: /workspace/src/legged_perceptive/install/legged_perceptive_interface/include/legged_perceptive_interface
-- Up-to-date: /workspace/src/legged_perceptive/install/legged_perceptive_interface/include/legged_perceptive_interface/TargetTrajectoryResampler.h
-- Up-to-date: /workspace/src/legged_perceptive/install/legged_perceptive_interface/include/legged_perceptive_interface/PerceptiveLeggedReferenceManager.h
-- Up-to-date: /workspace/src/legged_perceptive/install/legged_perceptive_interface/include/legged_perceptive_interface/constraint
-- Up-to-date: /workspace/src/legged_perceptive/install/legged_perceptive_interface/include/legged_perceptive_interface/constraint/FootCollisionConstraint.h
-- Up-to-date: /workspace/src/legged_perceptive/install/legged_perceptive_interface/include/legged_perceptive_interface/constraint/FootPlacementConstraint.h
-- Up-to-date: /workspace/src/legged_perceptive/install/legged_perceptive_interface/include/legged_perceptive_interface/constraint/SphereSdfConstraint.h
-- Up-to-date: /workspace/src/legged_perceptive/install/legged_perceptive_interface/include/legged_perceptive_interface/PerceptiveLeggedPrecomputation.h
-- Up-to-date: /workspace/src/legged_perceptive/install/legged_perceptive_interface/include/legged_perceptive_interface/ConvexRegionSelector.h
-- Up-to-date: /workspace/src/legged_perceptive/install/legged_perceptive_interface/include/legged_perceptive_interface/PerceptiveLeggedInterface.h
-- Up-to-date: /workspace/src/legged_perceptive/install/legged_perceptive_interface/share/legged_perceptive_interface/cmake/export_legged_perceptive_interface.cmake
-- Up-to-date: /workspace/src/legged_perceptive/install/legged_perceptive_interface/share/legged_perceptive_interface/cmake/export_legged_perceptive_interface-noconfig.cmake
-- Up-to-date: /workspace/src/legged_perceptive/install/legged_perceptive_interface/share/legged_perceptive_interface/environment/library_path.sh
-- Up-to-date: /workspace/src/legged_perceptive/install/legged_perceptive_interface/share/legged_perceptive_interface/environment/library_path.dsv
-- Up-to-date: /workspace/src/legged_perceptive/install/legged_perceptive_interface/share/ament_index/resource_index/package_run_dependencies/legged_perceptive_interface
-- Up-to-date: /workspace/src/legged_perceptive/install/legged_perceptive_interface/share/ament_index/resource_index/parent_prefix_path/legged_perceptive_interface
-- Up-to-date: /workspace/src/legged_perceptive/install/legged_perceptive_interface/share/legged_perceptive_interface/environment/ament_prefix_path.sh
-- Up-to-date: /workspace/src/legged_perceptive/install/legged_perceptive_interface/share/legged_perceptive_interface/environment/ament_prefix_path.dsv
-- Up-to-date: /workspace/src/legged_perceptive/install/legged_perceptive_interface/share/legged_perceptive_interface/environment/path.sh
-- Up-to-date: /workspace/src/legged_perceptive/install/legged_perceptive_interface/share/legged_perceptive_interface/environment/path.dsv
-- Up-to-date: /workspace/src/legged_perceptive/install/legged_perceptive_interface/share/legged_perceptive_interface/local_setup.bash
-- Up-to-date: /workspace/src/legged_perceptive/install/legged_perceptive_interface/share/legged_perceptive_interface/local_setup.sh
-- Up-to-date: /workspace/src/legged_perceptive/install/legged_perceptive_interface/share/legged_perceptive_interface/local_setup.zsh
-- Up-to-date: /workspace/src/legged_perceptive/install/legged_perceptive_interface/share/legged_perceptive_interface/local_setup.dsv
-- Installing: /workspace/src/legged_perceptive/install/legged_perceptive_interface/share/legged_perceptive_interface/package.dsv
-- Up-to-date: /workspace/src/legged_perceptive/install/legged_perceptive_interface/share/ament_index/resource_index/packages/legged_perceptive_interface
-- Up-to-date: /workspace/src/legged_perceptive/install/legged_perceptive_interface/share/legged_perceptive_interface/cmake/export_legged_perceptive_interfaceExport.cmake
-- Up-to-date: /workspace/src/legged_perceptive/install/legged_perceptive_interface/share/legged_perceptive_interface/cmake/export_legged_perceptive_interfaceExport-noconfig.cmake
-- Up-to-date: /workspace/src/legged_perceptive/install/legged_perceptive_interface/share/legged_perceptive_interface/cmake/ament_cmake_export_include_directories-extras.cmake
-- Up-to-date: /workspace/src/legged_perceptive/install/legged_perceptive_interface/share/legged_perceptive_interface/cmake/ament_cmake_export_targets-extras.cmake
-- Up-to-date: /workspace/src/legged_perceptive/install/legged_perceptive_interface/share/legged_perceptive_interface/cmake/ament_cmake_export_dependencies-extras.cmake
-- Up-to-date: /workspace/src/legged_perceptive/install/legged_perceptive_interface/share/legged_perceptive_interface/cmake/legged_perceptive_interfaceConfig.cmake
-- Up-to-date: /workspace/src/legged_perceptive/install/legged_perceptive_interface/share/legged_perceptive_interface/cmake/legged_perceptive_interfaceConfig-version.cmake
-- Up-to-date: /workspace/src/legged_perceptive/install/legged_perceptive_interface/share/legged_perceptive_interface/package.xml
