[0.014s] Invoking command in '/workspace/src/legged_perceptive/build/legged_perceptive_interface': CMAKE_PREFIX_PATH=${CMAKE_PREFIX_PATH}:/opt/ros/humble /usr/bin/cmake --build /workspace/src/legged_perceptive/build/legged_perceptive_interface -- -j20 -l20
[0.051s] [ 11%] Built target gtest_main
[0.052s] [ 23%] Built target gtest
[0.079s] [ 29%] Building CXX object CMakeFiles/legged_perceptive_interface.dir/src/PerceptiveLeggedReferenceManager.cpp.o
[4.400s] [ 35%] Linking CXX static library liblegged_perceptive_interface.a
[4.513s] [ 76%] Built target legged_perceptive_interface
[4.532s] [ 82%] Linking CXX executable test_perceptive_reference_manager
[4.542s] [ 88%] Linking CXX executable test_convex_region_selector_timing
[5.094s] [ 94%] Built target test_perceptive_reference_manager
[5.154s] [100%] Built target test_convex_region_selector_timing
[5.162s] Invoked command in '/workspace/src/legged_perceptive/build/legged_perceptive_interface' returned '0': CMAKE_PREFIX_PATH=${CMAKE_PREFIX_PATH}:/opt/ros/humble /usr/bin/cmake --build /workspace/src/legged_perceptive/build/legged_perceptive_interface -- -j20 -l20
[5.169s] Invoking command in '/workspace/src/legged_perceptive/build/legged_perceptive_interface': CMAKE_PREFIX_PATH=${CMAKE_PREFIX_PATH}:/opt/ros/humble /usr/bin/cmake --install /workspace/src/legged_perceptive/build/legged_perceptive_interface
[5.175s] -- Install configuration: ""
[5.175s] -- Installing: /workspace/src/legged_perceptive/install/legged_perceptive_interface/lib/liblegged_perceptive_interface.a
[5.184s] -- Up-to-date: /workspace/src/legged_perceptive/install/legged_perceptive_interface/include/legged_perceptive_interface
[5.185s] -- Up-to-date: /workspace/src/legged_perceptive/install/legged_perceptive_interface/include/legged_perceptive_interface/TargetTrajectoryResampler.h
[5.185s] -- Up-to-date: /workspace/src/legged_perceptive/install/legged_perceptive_interface/include/legged_perceptive_interface/PerceptiveLeggedReferenceManager.h
[5.185s] -- Up-to-date: /workspace/src/legged_perceptive/install/legged_perceptive_interface/include/legged_perceptive_interface/constraint
[5.185s] -- Up-to-date: /workspace/src/legged_perceptive/install/legged_perceptive_interface/include/legged_perceptive_interface/constraint/FootCollisionConstraint.h
[5.185s] -- Up-to-date: /workspace/src/legged_perceptive/install/legged_perceptive_interface/include/legged_perceptive_interface/constraint/FootPlacementConstraint.h
[5.185s] -- Up-to-date: /workspace/src/legged_perceptive/install/legged_perceptive_interface/include/legged_perceptive_interface/constraint/SphereSdfConstraint.h
[5.185s] -- Up-to-date: /workspace/src/legged_perceptive/install/legged_perceptive_interface/include/legged_perceptive_interface/PerceptiveLeggedPrecomputation.h
[5.185s] -- Up-to-date: /workspace/src/legged_perceptive/install/legged_perceptive_interface/include/legged_perceptive_interface/ConvexRegionSelector.h
[5.185s] -- Up-to-date: /workspace/src/legged_perceptive/install/legged_perceptive_interface/include/legged_perceptive_interface/PerceptiveLeggedInterface.h
[5.185s] -- Up-to-date: /workspace/src/legged_perceptive/install/legged_perceptive_interface/share/legged_perceptive_interface/cmake/export_legged_perceptive_interface.cmake
[5.185s] -- Up-to-date: /workspace/src/legged_perceptive/install/legged_perceptive_interface/share/legged_perceptive_interface/cmake/export_legged_perceptive_interface-noconfig.cmake
[5.185s] -- Up-to-date: /workspace/src/legged_perceptive/install/legged_perceptive_interface/share/legged_perceptive_interface/environment/library_path.sh
[5.185s] -- Up-to-date: /workspace/src/legged_perceptive/install/legged_perceptive_interface/share/legged_perceptive_interface/environment/library_path.dsv
[5.185s] -- Up-to-date: /workspace/src/legged_perceptive/install/legged_perceptive_interface/share/ament_index/resource_index/package_run_dependencies/legged_perceptive_interface
[5.185s] -- Up-to-date: /workspace/src/legged_perceptive/install/legged_perceptive_interface/share/ament_index/resource_index/parent_prefix_path/legged_perceptive_interface
[5.185s] -- Up-to-date: /workspace/src/legged_perceptive/install/legged_perceptive_interface/share/legged_perceptive_interface/environment/ament_prefix_path.sh
[5.185s] -- Up-to-date: /workspace/src/legged_perceptive/install/legged_perceptive_interface/share/legged_perceptive_interface/environment/ament_prefix_path.dsv
[5.185s] -- Up-to-date: /workspace/src/legged_perceptive/install/legged_perceptive_interface/share/legged_perceptive_interface/environment/path.sh
[5.185s] -- Up-to-date: /workspace/src/legged_perceptive/install/legged_perceptive_interface/share/legged_perceptive_interface/environment/path.dsv
[5.185s] -- Up-to-date: /workspace/src/legged_perceptive/install/legged_perceptive_interface/share/legged_perceptive_interface/local_setup.bash
[5.185s] -- Up-to-date: /workspace/src/legged_perceptive/install/legged_perceptive_interface/share/legged_perceptive_interface/local_setup.sh
[5.185s] -- Up-to-date: /workspace/src/legged_perceptive/install/legged_perceptive_interface/share/legged_perceptive_interface/local_setup.zsh
[5.185s] -- Up-to-date: /workspace/src/legged_perceptive/install/legged_perceptive_interface/share/legged_perceptive_interface/local_setup.dsv
[5.185s] -- Installing: /workspace/src/legged_perceptive/install/legged_perceptive_interface/share/legged_perceptive_interface/package.dsv
[5.185s] -- Up-to-date: /workspace/src/legged_perceptive/install/legged_perceptive_interface/share/ament_index/resource_index/packages/legged_perceptive_interface
[5.186s] -- Up-to-date: /workspace/src/legged_perceptive/install/legged_perceptive_interface/share/legged_perceptive_interface/cmake/export_legged_perceptive_interfaceExport.cmake
[5.186s] -- Up-to-date: /workspace/src/legged_perceptive/install/legged_perceptive_interface/share/legged_perceptive_interface/cmake/export_legged_perceptive_interfaceExport-noconfig.cmake
[5.186s] -- Up-to-date: /workspace/src/legged_perceptive/install/legged_perceptive_interface/share/legged_perceptive_interface/cmake/ament_cmake_export_include_directories-extras.cmake
[5.186s] -- Up-to-date: /workspace/src/legged_perceptive/install/legged_perceptive_interface/share/legged_perceptive_interface/cmake/ament_cmake_export_targets-extras.cmake
[5.186s] -- Up-to-date: /workspace/src/legged_perceptive/install/legged_perceptive_interface/share/legged_perceptive_interface/cmake/ament_cmake_export_dependencies-extras.cmake
[5.186s] -- Up-to-date: /workspace/src/legged_perceptive/install/legged_perceptive_interface/share/legged_perceptive_interface/cmake/legged_perceptive_interfaceConfig.cmake
[5.186s] -- Up-to-date: /workspace/src/legged_perceptive/install/legged_perceptive_interface/share/legged_perceptive_interface/cmake/legged_perceptive_interfaceConfig-version.cmake
[5.186s] -- Up-to-date: /workspace/src/legged_perceptive/install/legged_perceptive_interface/share/legged_perceptive_interface/package.xml
[5.186s] Invoked command in '/workspace/src/legged_perceptive/build/legged_perceptive_interface' returned '0': CMAKE_PREFIX_PATH=${CMAKE_PREFIX_PATH}:/opt/ros/humble /usr/bin/cmake --install /workspace/src/legged_perceptive/build/legged_perceptive_interface
