[0.014s] Invoking command in '/workspace/src/legged_perceptive/build/legged_perceptive_interface': CMAKE_PREFIX_PATH=${CMAKE_PREFIX_PATH}:/opt/ros/humble /usr/bin/cmake --build /workspace/src/legged_perceptive/build/legged_perceptive_interface -- -j20 -l20
[0.056s] [ 11%] Built target gtest
[0.057s] [ 23%] Built target gtest_main
[0.060s] [35m[1mConsolidate compiler generated dependencies of target legged_perceptive_interface[0m
[0.109s] [ 29%] [32mBuilding CXX object CMakeFiles/legged_perceptive_interface.dir/src/constraint/FootPlacementConstraint.cpp.o[0m
[0.110s] [ 35%] [32mBuilding CXX object CMakeFiles/legged_perceptive_interface.dir/src/PerceptiveLeggedReferenceManager.cpp.o[0m
[0.112s] [ 41%] [32mBuilding CXX object CMakeFiles/legged_perceptive_interface.dir/src/PerceptiveLeggedInterface.cpp.o[0m
[3.274s] In file included from /usr/include/boost/math/tools/cxx03_warn.hpp:9,
[3.274s]                  from /usr/include/boost/math/constants/constants.hpp:11,
[3.274s]                  from /workspace/install/pinocchio/include/pinocchio/math/fwd.hpp:10,
[3.274s]                  from /workspace/install/pinocchio/include/pinocchio/math/quaternion.hpp:12,
[3.274s]                  from /workspace/install/pinocchio/include/pinocchio/spatial/se3-tpl.hpp:12,
[3.274s]                  from /workspace/install/pinocchio/include/pinocchio/spatial/se3.hpp:44,
[3.274s]                  from /workspace/install/pinocchio/include/pinocchio/multibody/model.hpp:10,
[3.274s]                  from /workspace/install/ocs2_sphere_approximation/include/ocs2_sphere_approximation/PinocchioSphereInterface.h:32,
[3.274s]                  from /workspace/install/ocs2_sphere_approximation/include/ocs2_sphere_approximation/PinocchioSphereKinematics.h:38,
[3.274s]                  from /workspace/src/legged_perceptive/legged_perceptive_interface/include/legged_perceptive_interface/constraint/SphereSdfConstraint.h:10,
[3.274s]                  from /workspace/src/legged_perceptive/legged_perceptive_interface/src/PerceptiveLeggedInterface.cpp:6:
[3.274s] /usr/include/boost/bind.hpp:36:1: note: ‘#pragma message: The practice of declaring the Bind placeholders (_1, _2, ...) in the global namespace is deprecated. Please use <boost/bind/bind.hpp> + using namespace boost::placeholders, or define BOOST_BIND_GLOBAL_PLACEHOLDERS to retain the current behavior.’
[3.274s]    36 | BOOST_PRAGMA_MESSAGE(
[3.274s]       | ^~~~~~~~~~~~~~~~~~~~
[6.462s] [ 47%] [32m[1mLinking CXX static library liblegged_perceptive_interface.a[0m
[6.575s] [ 76%] Built target legged_perceptive_interface
[6.594s] [ 82%] [32m[1mLinking CXX executable test_perceptive_reference_manager[0m
[6.603s] [ 88%] [32m[1mLinking CXX executable test_convex_region_selector_timing[0m
[7.161s] [ 94%] Built target test_perceptive_reference_manager
[7.216s] [100%] Built target test_convex_region_selector_timing
[7.224s] Invoked command in '/workspace/src/legged_perceptive/build/legged_perceptive_interface' returned '0': CMAKE_PREFIX_PATH=${CMAKE_PREFIX_PATH}:/opt/ros/humble /usr/bin/cmake --build /workspace/src/legged_perceptive/build/legged_perceptive_interface -- -j20 -l20
[7.231s] Invoking command in '/workspace/src/legged_perceptive/build/legged_perceptive_interface': CMAKE_PREFIX_PATH=${CMAKE_PREFIX_PATH}:/opt/ros/humble /usr/bin/cmake --install /workspace/src/legged_perceptive/build/legged_perceptive_interface
[7.236s] -- Install configuration: ""
[7.236s] -- Installing: /workspace/src/legged_perceptive/install/legged_perceptive_interface/lib/liblegged_perceptive_interface.a
[7.244s] -- Up-to-date: /workspace/src/legged_perceptive/install/legged_perceptive_interface/include/legged_perceptive_interface
[7.244s] -- Up-to-date: /workspace/src/legged_perceptive/install/legged_perceptive_interface/include/legged_perceptive_interface/TargetTrajectoryResampler.h
[7.244s] -- Installing: /workspace/src/legged_perceptive/install/legged_perceptive_interface/include/legged_perceptive_interface/PerceptiveLeggedReferenceManager.h
[7.244s] -- Up-to-date: /workspace/src/legged_perceptive/install/legged_perceptive_interface/include/legged_perceptive_interface/constraint
[7.244s] -- Up-to-date: /workspace/src/legged_perceptive/install/legged_perceptive_interface/include/legged_perceptive_interface/constraint/FootCollisionConstraint.h
[7.244s] -- Up-to-date: /workspace/src/legged_perceptive/install/legged_perceptive_interface/include/legged_perceptive_interface/constraint/FootPlacementConstraint.h
[7.244s] -- Up-to-date: /workspace/src/legged_perceptive/install/legged_perceptive_interface/include/legged_perceptive_interface/constraint/SphereSdfConstraint.h
[7.244s] -- Up-to-date: /workspace/src/legged_perceptive/install/legged_perceptive_interface/include/legged_perceptive_interface/PerceptiveLeggedPrecomputation.h
[7.244s] -- Up-to-date: /workspace/src/legged_perceptive/install/legged_perceptive_interface/include/legged_perceptive_interface/ConvexRegionSelector.h
[7.244s] -- Up-to-date: /workspace/src/legged_perceptive/install/legged_perceptive_interface/include/legged_perceptive_interface/PerceptiveLeggedInterface.h
[7.244s] -- Up-to-date: /workspace/src/legged_perceptive/install/legged_perceptive_interface/share/legged_perceptive_interface/cmake/export_legged_perceptive_interface.cmake
[7.244s] -- Up-to-date: /workspace/src/legged_perceptive/install/legged_perceptive_interface/share/legged_perceptive_interface/cmake/export_legged_perceptive_interface-noconfig.cmake
[7.244s] -- Up-to-date: /workspace/src/legged_perceptive/install/legged_perceptive_interface/share/legged_perceptive_interface/environment/library_path.sh
[7.244s] -- Up-to-date: /workspace/src/legged_perceptive/install/legged_perceptive_interface/share/legged_perceptive_interface/environment/library_path.dsv
[7.244s] -- Up-to-date: /workspace/src/legged_perceptive/install/legged_perceptive_interface/share/ament_index/resource_index/package_run_dependencies/legged_perceptive_interface
[7.244s] -- Up-to-date: /workspace/src/legged_perceptive/install/legged_perceptive_interface/share/ament_index/resource_index/parent_prefix_path/legged_perceptive_interface
[7.244s] -- Up-to-date: /workspace/src/legged_perceptive/install/legged_perceptive_interface/share/legged_perceptive_interface/environment/ament_prefix_path.sh
[7.244s] -- Up-to-date: /workspace/src/legged_perceptive/install/legged_perceptive_interface/share/legged_perceptive_interface/environment/ament_prefix_path.dsv
[7.244s] -- Up-to-date: /workspace/src/legged_perceptive/install/legged_perceptive_interface/share/legged_perceptive_interface/environment/path.sh
[7.244s] -- Up-to-date: /workspace/src/legged_perceptive/install/legged_perceptive_interface/share/legged_perceptive_interface/environment/path.dsv
[7.244s] -- Up-to-date: /workspace/src/legged_perceptive/install/legged_perceptive_interface/share/legged_perceptive_interface/local_setup.bash
[7.244s] -- Up-to-date: /workspace/src/legged_perceptive/install/legged_perceptive_interface/share/legged_perceptive_interface/local_setup.sh
[7.245s] -- Up-to-date: /workspace/src/legged_perceptive/install/legged_perceptive_interface/share/legged_perceptive_interface/local_setup.zsh
[7.245s] -- Up-to-date: /workspace/src/legged_perceptive/install/legged_perceptive_interface/share/legged_perceptive_interface/local_setup.dsv
[7.245s] -- Installing: /workspace/src/legged_perceptive/install/legged_perceptive_interface/share/legged_perceptive_interface/package.dsv
[7.245s] -- Up-to-date: /workspace/src/legged_perceptive/install/legged_perceptive_interface/share/ament_index/resource_index/packages/legged_perceptive_interface
[7.245s] -- Up-to-date: /workspace/src/legged_perceptive/install/legged_perceptive_interface/share/legged_perceptive_interface/cmake/export_legged_perceptive_interfaceExport.cmake
[7.245s] -- Up-to-date: /workspace/src/legged_perceptive/install/legged_perceptive_interface/share/legged_perceptive_interface/cmake/export_legged_perceptive_interfaceExport-noconfig.cmake
[7.245s] -- Up-to-date: /workspace/src/legged_perceptive/install/legged_perceptive_interface/share/legged_perceptive_interface/cmake/ament_cmake_export_include_directories-extras.cmake
[7.245s] -- Up-to-date: /workspace/src/legged_perceptive/install/legged_perceptive_interface/share/legged_perceptive_interface/cmake/ament_cmake_export_targets-extras.cmake
[7.245s] -- Up-to-date: /workspace/src/legged_perceptive/install/legged_perceptive_interface/share/legged_perceptive_interface/cmake/ament_cmake_export_dependencies-extras.cmake
[7.245s] -- Up-to-date: /workspace/src/legged_perceptive/install/legged_perceptive_interface/share/legged_perceptive_interface/cmake/legged_perceptive_interfaceConfig.cmake
[7.245s] -- Up-to-date: /workspace/src/legged_perceptive/install/legged_perceptive_interface/share/legged_perceptive_interface/cmake/legged_perceptive_interfaceConfig-version.cmake
[7.245s] -- Up-to-date: /workspace/src/legged_perceptive/install/legged_perceptive_interface/share/legged_perceptive_interface/package.xml
[7.246s] Invoked command in '/workspace/src/legged_perceptive/build/legged_perceptive_interface' returned '0': CMAKE_PREFIX_PATH=${CMAKE_PREFIX_PATH}:/opt/ros/humble /usr/bin/cmake --install /workspace/src/legged_perceptive/build/legged_perceptive_interface
