[0.013s] Invoking command in '/workspace/src/legged_perceptive/build/legged_perceptive_interface': CMAKE_PREFIX_PATH=${CMAKE_PREFIX_PATH}:/opt/ros/humble /usr/bin/cmake --build /workspace/src/legged_perceptive/build/legged_perceptive_interface -- -j20 -l20
[0.056s] [ 23%] Built target gtest_main
[0.056s] [ 23%] Built target gtest
[0.084s] [ 76%] Built target legged_perceptive_interface
[0.103s] [ 88%] Built target test_perceptive_reference_manager
[0.113s] [100%] Built target test_convex_region_selector_timing
[0.122s] Invoked command in '/workspace/src/legged_perceptive/build/legged_perceptive_interface' returned '0': CMAKE_PREFIX_PATH=${CMAKE_PREFIX_PATH}:/opt/ros/humble /usr/bin/cmake --build /workspace/src/legged_perceptive/build/legged_perceptive_interface -- -j20 -l20
[0.129s] Invoking command in '/workspace/src/legged_perceptive/build/legged_perceptive_interface': CMAKE_PREFIX_PATH=${CMAKE_PREFIX_PATH}:/opt/ros/humble /usr/bin/cmake --install /workspace/src/legged_perceptive/build/legged_perceptive_interface
[0.135s] -- Install configuration: ""
[0.135s] -- Up-to-date: /workspace/src/legged_perceptive/install/legged_perceptive_interface/lib/liblegged_perceptive_interface.a
[0.135s] -- Up-to-date: /workspace/src/legged_perceptive/install/legged_perceptive_interface/include/legged_perceptive_interface
[0.135s] -- Up-to-date: /workspace/src/legged_perceptive/install/legged_perceptive_interface/include/legged_perceptive_interface/TargetTrajectoryResampler.h
[0.135s] -- Up-to-date: /workspace/src/legged_perceptive/install/legged_perceptive_interface/include/legged_perceptive_interface/PerceptiveLeggedReferenceManager.h
[0.135s] -- Up-to-date: /workspace/src/legged_perceptive/install/legged_perceptive_interface/include/legged_perceptive_interface/constraint
[0.135s] -- Up-to-date: /workspace/src/legged_perceptive/install/legged_perceptive_interface/include/legged_perceptive_interface/constraint/FootCollisionConstraint.h
[0.135s] -- Up-to-date: /workspace/src/legged_perceptive/install/legged_perceptive_interface/include/legged_perceptive_interface/constraint/FootPlacementConstraint.h
[0.135s] -- Up-to-date: /workspace/src/legged_perceptive/install/legged_perceptive_interface/include/legged_perceptive_interface/constraint/SphereSdfConstraint.h
[0.135s] -- Up-to-date: /workspace/src/legged_perceptive/install/legged_perceptive_interface/include/legged_perceptive_interface/PerceptiveLeggedPrecomputation.h
[0.135s] -- Up-to-date: /workspace/src/legged_perceptive/install/legged_perceptive_interface/include/legged_perceptive_interface/ConvexRegionSelector.h
[0.135s] -- Up-to-date: /workspace/src/legged_perceptive/install/legged_perceptive_interface/include/legged_perceptive_interface/PerceptiveLeggedInterface.h
[0.135s] -- Up-to-date: /workspace/src/legged_perceptive/install/legged_perceptive_interface/share/legged_perceptive_interface/cmake/export_legged_perceptive_interface.cmake
[0.135s] -- Up-to-date: /workspace/src/legged_perceptive/install/legged_perceptive_interface/share/legged_perceptive_interface/cmake/export_legged_perceptive_interface-noconfig.cmake
[0.135s] -- Up-to-date: /workspace/src/legged_perceptive/install/legged_perceptive_interface/share/legged_perceptive_interface/environment/library_path.sh
[0.135s] -- Up-to-date: /workspace/src/legged_perceptive/install/legged_perceptive_interface/share/legged_perceptive_interface/environment/library_path.dsv
[0.135s] -- Up-to-date: /workspace/src/legged_perceptive/install/legged_perceptive_interface/share/ament_index/resource_index/package_run_dependencies/legged_perceptive_interface
[0.135s] -- Up-to-date: /workspace/src/legged_perceptive/install/legged_perceptive_interface/share/ament_index/resource_index/parent_prefix_path/legged_perceptive_interface
[0.135s] -- Up-to-date: /workspace/src/legged_perceptive/install/legged_perceptive_interface/share/legged_perceptive_interface/environment/ament_prefix_path.sh
[0.135s] -- Up-to-date: /workspace/src/legged_perceptive/install/legged_perceptive_interface/share/legged_perceptive_interface/environment/ament_prefix_path.dsv
[0.135s] -- Up-to-date: /workspace/src/legged_perceptive/install/legged_perceptive_interface/share/legged_perceptive_interface/environment/path.sh
[0.135s] -- Up-to-date: /workspace/src/legged_perceptive/install/legged_perceptive_interface/share/legged_perceptive_interface/environment/path.dsv
[0.136s] -- Up-to-date: /workspace/src/legged_perceptive/install/legged_perceptive_interface/share/legged_perceptive_interface/local_setup.bash
[0.136s] -- Up-to-date: /workspace/src/legged_perceptive/install/legged_perceptive_interface/share/legged_perceptive_interface/local_setup.sh
[0.136s] -- Up-to-date: /workspace/src/legged_perceptive/install/legged_perceptive_interface/share/legged_perceptive_interface/local_setup.zsh
[0.136s] -- Up-to-date: /workspace/src/legged_perceptive/install/legged_perceptive_interface/share/legged_perceptive_interface/local_setup.dsv
[0.136s] -- Installing: /workspace/src/legged_perceptive/install/legged_perceptive_interface/share/legged_perceptive_interface/package.dsv
[0.136s] -- Up-to-date: /workspace/src/legged_perceptive/install/legged_perceptive_interface/share/ament_index/resource_index/packages/legged_perceptive_interface
[0.136s] -- Up-to-date: /workspace/src/legged_perceptive/install/legged_perceptive_interface/share/legged_perceptive_interface/cmake/export_legged_perceptive_interfaceExport.cmake
[0.136s] -- Up-to-date: /workspace/src/legged_perceptive/install/legged_perceptive_interface/share/legged_perceptive_interface/cmake/export_legged_perceptive_interfaceExport-noconfig.cmake
[0.136s] -- Up-to-date: /workspace/src/legged_perceptive/install/legged_perceptive_interface/share/legged_perceptive_interface/cmake/ament_cmake_export_include_directories-extras.cmake
[0.136s] -- Up-to-date: /workspace/src/legged_perceptive/install/legged_perceptive_interface/share/legged_perceptive_interface/cmake/ament_cmake_export_targets-extras.cmake
[0.136s] -- Up-to-date: /workspace/src/legged_perceptive/install/legged_perceptive_interface/share/legged_perceptive_interface/cmake/ament_cmake_export_dependencies-extras.cmake
[0.136s] -- Up-to-date: /workspace/src/legged_perceptive/install/legged_perceptive_interface/share/legged_perceptive_interface/cmake/legged_perceptive_interfaceConfig.cmake
[0.136s] -- Up-to-date: /workspace/src/legged_perceptive/install/legged_perceptive_interface/share/legged_perceptive_interface/cmake/legged_perceptive_interfaceConfig-version.cmake
[0.136s] -- Up-to-date: /workspace/src/legged_perceptive/install/legged_perceptive_interface/share/legged_perceptive_interface/package.xml
[0.136s] Invoked command in '/workspace/src/legged_perceptive/build/legged_perceptive_interface' returned '0': CMAKE_PREFIX_PATH=${CMAKE_PREFIX_PATH}:/opt/ros/humble /usr/bin/cmake --install /workspace/src/legged_perceptive/build/legged_perceptive_interface
