In file included from /usr/include/boost/math/tools/cxx03_warn.hpp:9,
                 from /usr/include/boost/math/constants/constants.hpp:11,
                 from /workspace/install/pinocchio/include/pinocchio/math/fwd.hpp:10,
                 from /workspace/install/pinocchio/include/pinocchio/math/quaternion.hpp:12,
                 from /workspace/install/pinocchio/include/pinocchio/spatial/se3-tpl.hpp:12,
                 from /workspace/install/pinocchio/include/pinocchio/spatial/se3.hpp:44,
                 from /workspace/install/pinocchio/include/pinocchio/multibody/model.hpp:10,
                 from /workspace/install/pinocchio/include/pinocchio/algorithm/kinematics.hpp:8,
                 from /workspace/src/legged_perceptive/legged_perceptive_controllers/src/visualization/SphereVisualization.cpp:7:
/usr/include/boost/bind.hpp:36:1: note: ‘#pragma message: The practice of declaring the Bind placeholders (_1, _2, ...) in the global namespace is deprecated. Please use <boost/bind/bind.hpp> + using namespace boost::placeholders, or define BOOST_BIND_GLOBAL_PLACEHOLDERS to retain the current behavior.’
   36 | BOOST_PRAGMA_MESSAGE(
      | ^~~~~~~~~~~~~~~~~~~~
In file included from /usr/include/boost/math/tools/cxx03_warn.hpp:9,
                 from /usr/include/boost/math/constants/constants.hpp:11,
                 from /usr/include/boost/math/special_functions/asinh.hpp:25,
                 from /usr/include/boost/multiprecision/gmp.hpp:21,
                 from /usr/include/CGAL/boost_mp.h:43,
                 from /usr/include/CGAL/Number_types/internal/Exact_type_selector.h:27,
                 from /usr/include/CGAL/Exact_kernel_selector.h:26,
                 from /usr/include/CGAL/Filtered_kernel.h:22,
                 from /usr/include/CGAL/Exact_predicates_inexact_constructions_kernel.h:21,
                 from /workspace/install/convex_plane_decomposition/include/convex_plane_decomposition/PolygonTypes.h:7,
                 from /workspace/install/convex_plane_decomposition/include/convex_plane_decomposition/PlanarRegion.h:12,
                 from /workspace/src/legged_perceptive/install/legged_perceptive_interface/include/legged_perceptive_interface/ConvexRegionSelector.h:11,
                 from /workspace/src/legged_perceptive/legged_perceptive_controllers/include/legged_perceptive_controllers/visualization/FootPlacementVisualization.h:8,
                 from /workspace/src/legged_perceptive/legged_perceptive_controllers/include/legged_perceptive_controllers/PerceptiveController.h:7,
                 from /workspace/src/legged_perceptive/legged_perceptive_controllers/src/PerceptiveController.cpp:7:
/usr/include/boost/bind.hpp:36:1: note: ‘#pragma message: The practice of declaring the Bind placeholders (_1, _2, ...) in the global namespace is deprecated. Please use <boost/bind/bind.hpp> + using namespace boost::placeholders, or define BOOST_BIND_GLOBAL_PLACEHOLDERS to retain the current behavior.’
   36 | BOOST_PRAGMA_MESSAGE(
      | ^~~~~~~~~~~~~~~~~~~~
In file included from /usr/include/boost/math/tools/cxx03_warn.hpp:9,
                 from /usr/include/boost/math/constants/constants.hpp:11,
                 from /usr/include/boost/math/special_functions/asinh.hpp:25,
                 from /usr/include/boost/multiprecision/gmp.hpp:21,
                 from /usr/include/CGAL/boost_mp.h:43,
                 from /usr/include/CGAL/Number_types/internal/Exact_type_selector.h:27,
                 from /usr/include/CGAL/Exact_kernel_selector.h:26,
                 from /usr/include/CGAL/Filtered_kernel.h:22,
                 from /usr/include/CGAL/Exact_predicates_inexact_constructions_kernel.h:21,
                 from /workspace/install/convex_plane_decomposition/include/convex_plane_decomposition/PolygonTypes.h:7,
                 from /workspace/install/convex_plane_decomposition/include/convex_plane_decomposition/PlanarRegion.h:12,
                 from /workspace/src/legged_perceptive/install/legged_perceptive_interface/include/legged_perceptive_interface/ConvexRegionSelector.h:11,
                 from /workspace/src/legged_perceptive/legged_perceptive_controllers/include/legged_perceptive_controllers/visualization/FootPlacementVisualization.h:8,
                 from /workspace/src/legged_perceptive/legged_perceptive_controllers/include/legged_perceptive_controllers/PerceptiveController.h:7,
                 from /workspace/src/legged_perceptive/legged_perceptive_controllers/include/legged_perceptive_controllers/PerceptiveCheaterController.h:12,
                 from /workspace/src/legged_perceptive/legged_perceptive_controllers/src/PerceptiveCheaterController.cpp:7:
/usr/include/boost/bind.hpp:36:1: note: ‘#pragma message: The practice of declaring the Bind placeholders (_1, _2, ...) in the global namespace is deprecated. Please use <boost/bind/bind.hpp> + using namespace boost::placeholders, or define BOOST_BIND_GLOBAL_PLACEHOLDERS to retain the current behavior.’
   36 | BOOST_PRAGMA_MESSAGE(
      | ^~~~~~~~~~~~~~~~~~~~
