-- The C compiler identification is GNU 11.4.0
-- The CXX compiler identification is GNU 11.4.0
-- Detecting C compiler ABI info
-- Detecting C compiler ABI info - done
-- Check for working C compiler: /usr/bin/cc - skipped
-- Detecting C compile features
-- Detecting C compile features - done
-- Detecting CXX compiler ABI info
-- Detecting CXX compiler ABI info - done
-- Check for working CXX compiler: /usr/bin/c++ - skipped
-- Detecting CXX compile features
-- Detecting CXX compile features - done
-- Found ament_cmake: 1.3.14 (/opt/ros/humble/share/ament_cmake/cmake)
-- Found Python3: /usr/bin/python3 (found version "3.10.12") found components: Interpreter 
-- Found rclcpp: 16.0.19 (/opt/ros/humble/share/rclcpp/cmake)
-- Found rosidl_generator_c: 3.1.8 (/opt/ros/humble/share/rosidl_generator_c/cmake)
-- Found rosidl_adapter: 3.1.8 (/opt/ros/humble/share/rosidl_adapter/cmake)
-- Found rosidl_generator_cpp: 3.1.8 (/opt/ros/humble/share/rosidl_generator_cpp/cmake)
-- Using all available rosidl_typesupport_c: rosidl_typesupport_fastrtps_c;rosidl_typesupport_introspection_c
-- Using all available rosidl_typesupport_cpp: rosidl_typesupport_fastrtps_cpp;rosidl_typesupport_introspection_cpp
-- Found rmw_implementation_cmake: 6.1.2 (/opt/ros/humble/share/rmw_implementation_cmake/cmake)
-- Found rmw_fastrtps_cpp: 6.2.10 (/opt/ros/humble/share/rmw_fastrtps_cpp/cmake)
-- Found OpenSSL: /usr/lib/x86_64-linux-gnu/libcrypto.so (found version "3.0.2")  
-- Found FastRTPS: /opt/ros/humble/include  
-- Using RMW implementation 'rmw_fastrtps_cpp' as default
-- Looking for pthread.h
-- Looking for pthread.h - found
-- Performing Test CMAKE_HAVE_LIBC_PTHREAD
-- Performing Test CMAKE_HAVE_LIBC_PTHREAD - Success
-- Found Threads: TRUE  
-- Found controller_interface: 2.54.0 (/opt/ros/humble/share/controller_interface/cmake)
-- Found legged_perceptive_interface: 0.0.0 (/workspace/src/legged_perceptive/install/legged_perceptive_interface/share/legged_perceptive_interface/cmake)
-- Found OpenMP_C: -fopenmp (found version "4.5") 
-- Found OpenMP_CXX: -fopenmp (found version "4.5") 
-- Found OpenMP: TRUE (found version "4.5")  
-- pinocchio FOUND. pinocchio at /workspace/install/pinocchio/lib/libpinocchio.so
-- boost_filesystem FOUND. boost_filesystem at /usr/lib/x86_64-linux-gnu/libboost_filesystem.so
-- boost_serialization FOUND. boost_serialization at /usr/lib/x86_64-linux-gnu/libboost_serialization.so
-- boost_system FOUND. boost_system at /usr/lib/x86_64-linux-gnu/libboost_system.so
-- hpp-fcl FOUND. hpp-fcl at /workspace/install/hpp-fcl/lib/libhpp-fcl.so
-- Found legged_controllers: 0.0.0 (/workspace/install/legged_controllers/share/legged_controllers/cmake)
-- Found eigen3_cmake_module: 0.1.1 (/opt/ros/humble/share/eigen3_cmake_module/cmake)
-- Found Eigen3: TRUE (found version "3.4.0") 
-- Ensuring Eigen3 include directory is part of orocos-kdl CMake target
-- Found Boost: /usr/include (found version "1.74.0") found components: system filesystem log_setup log date_time thread regex chrono atomic 
-- Configuring done
-- Generating done
-- Build files have been written to: /workspace/src/legged_perceptive/build/legged_perceptive_controllers
[ 75%] [32mBuilding CXX object CMakeFiles/legged_perceptive_controllers.dir/src/visualization/FootPlacementVisualization.cpp.o[0m
[ 75%] [32mBuilding CXX object CMakeFiles/legged_perceptive_controllers.dir/src/synchronized_module/PlanarTerrainReceiver.cpp.o[0m
[ 75%] [32mBuilding CXX object CMakeFiles/legged_perceptive_controllers.dir/src/visualization/SphereVisualization.cpp.o[0m
[ 75%] [32mBuilding CXX object CMakeFiles/grid_map_publisher.dir/test/MapPublisher.cpp.o[0m
[ 75%] [32mBuilding CXX object CMakeFiles/legged_perceptive_controllers.dir/src/PerceptiveController.cpp.o[0m
[ 75%] [32mBuilding CXX object CMakeFiles/legged_perceptive_controllers.dir/src/PerceptiveCheaterController.cpp.o[0m
[ 87%] [32m[1mLinking CXX executable grid_map_publisher[0m
[ 87%] Built target grid_map_publisher
[100%] [32m[1mLinking CXX shared library liblegged_perceptive_controllers.so[0m
[100%] Built target legged_perceptive_controllers
-- Install configuration: ""
-- Installing: /workspace/src/legged_perceptive/install/legged_perceptive_controllers/share/legged_perceptive_controllers/legged_perceptive_controllers_plugins.xml
-- Installing: /workspace/src/legged_perceptive/install/legged_perceptive_controllers/lib/liblegged_perceptive_controllers.so
-- Set runtime path of "/workspace/src/legged_perceptive/install/legged_perceptive_controllers/lib/liblegged_perceptive_controllers.so" to ""
-- Installing: /workspace/src/legged_perceptive/install/legged_perceptive_controllers/lib/legged_perceptive_controllers/grid_map_publisher
-- Set runtime path of "/workspace/src/legged_perceptive/install/legged_perceptive_controllers/lib/legged_perceptive_controllers/grid_map_publisher" to ""
-- Installing: /workspace/src/legged_perceptive/install/legged_perceptive_controllers/include/legged_perceptive_controllers
-- Installing: /workspace/src/legged_perceptive/install/legged_perceptive_controllers/include/legged_perceptive_controllers/visualization
-- Installing: /workspace/src/legged_perceptive/install/legged_perceptive_controllers/include/legged_perceptive_controllers/visualization/SphereVisualization.h
-- Installing: /workspace/src/legged_perceptive/install/legged_perceptive_controllers/include/legged_perceptive_controllers/visualization/FootPlacementVisualization.h
-- Installing: /workspace/src/legged_perceptive/install/legged_perceptive_controllers/include/legged_perceptive_controllers/PerceptiveController.h
-- Installing: /workspace/src/legged_perceptive/install/legged_perceptive_controllers/include/legged_perceptive_controllers/PerceptiveCheaterController.h
-- Installing: /workspace/src/legged_perceptive/install/legged_perceptive_controllers/include/legged_perceptive_controllers/synchronized_module
-- Installing: /workspace/src/legged_perceptive/install/legged_perceptive_controllers/include/legged_perceptive_controllers/synchronized_module/PlanarTerrainReceiver.h
-- Up-to-date: /workspace/src/legged_perceptive/install/legged_perceptive_controllers/share/legged_perceptive_controllers/legged_perceptive_controllers_plugins.xml
-- Installing: /workspace/src/legged_perceptive/install/legged_perceptive_controllers/share/legged_perceptive_controllers/config
-- Installing: /workspace/src/legged_perceptive/install/legged_perceptive_controllers/share/legged_perceptive_controllers/config/p1
-- Installing: /workspace/src/legged_perceptive/install/legged_perceptive_controllers/share/legged_perceptive_controllers/config/p1/task.info
-- Installing: /workspace/src/legged_perceptive/install/legged_perceptive_controllers/share/legged_perceptive_controllers/config/aliengo
-- Installing: /workspace/src/legged_perceptive/install/legged_perceptive_controllers/share/legged_perceptive_controllers/config/aliengo/task.info
-- Installing: /workspace/src/legged_perceptive/install/legged_perceptive_controllers/share/legged_perceptive_controllers/config/k20
-- Installing: /workspace/src/legged_perceptive/install/legged_perceptive_controllers/share/legged_perceptive_controllers/config/k20/task.info
-- Installing: /workspace/src/legged_perceptive/install/legged_perceptive_controllers/share/legged_perceptive_controllers/config/rviz.rviz
-- Installing: /workspace/src/legged_perceptive/install/legged_perceptive_controllers/share/legged_perceptive_controllers/config/a1
-- Installing: /workspace/src/legged_perceptive/install/legged_perceptive_controllers/share/legged_perceptive_controllers/config/a1/task.info
-- Installing: /workspace/src/legged_perceptive/install/legged_perceptive_controllers/share/legged_perceptive_controllers/config/elevation_mapping.yaml
-- Installing: /workspace/src/legged_perceptive/install/legged_perceptive_controllers/share/legged_perceptive_controllers/config/body_filter.yaml
-- Installing: /workspace/src/legged_perceptive/install/legged_perceptive_controllers/share/legged_perceptive_controllers/config/default.yaml
-- Installing: /workspace/src/legged_perceptive/install/legged_perceptive_controllers/share/legged_perceptive_controllers/config/convex_plane_decomposition.yaml
-- Installing: /workspace/src/legged_perceptive/install/legged_perceptive_controllers/share/legged_perceptive_controllers/launch
-- Installing: /workspace/src/legged_perceptive/install/legged_perceptive_controllers/share/legged_perceptive_controllers/launch/load_controller.launch.py
-- Installing: /workspace/src/legged_perceptive/install/legged_perceptive_controllers/share/legged_perceptive_controllers/environment/library_path.sh
-- Installing: /workspace/src/legged_perceptive/install/legged_perceptive_controllers/share/legged_perceptive_controllers/environment/library_path.dsv
-- Installing: /workspace/src/legged_perceptive/install/legged_perceptive_controllers/share/ament_index/resource_index/package_run_dependencies/legged_perceptive_controllers
-- Installing: /workspace/src/legged_perceptive/install/legged_perceptive_controllers/share/ament_index/resource_index/parent_prefix_path/legged_perceptive_controllers
-- Installing: /workspace/src/legged_perceptive/install/legged_perceptive_controllers/share/legged_perceptive_controllers/environment/ament_prefix_path.sh
-- Installing: /workspace/src/legged_perceptive/install/legged_perceptive_controllers/share/legged_perceptive_controllers/environment/ament_prefix_path.dsv
-- Installing: /workspace/src/legged_perceptive/install/legged_perceptive_controllers/share/legged_perceptive_controllers/environment/path.sh
-- Installing: /workspace/src/legged_perceptive/install/legged_perceptive_controllers/share/legged_perceptive_controllers/environment/path.dsv
-- Installing: /workspace/src/legged_perceptive/install/legged_perceptive_controllers/share/legged_perceptive_controllers/local_setup.bash
-- Installing: /workspace/src/legged_perceptive/install/legged_perceptive_controllers/share/legged_perceptive_controllers/local_setup.sh
-- Installing: /workspace/src/legged_perceptive/install/legged_perceptive_controllers/share/legged_perceptive_controllers/local_setup.zsh
-- Installing: /workspace/src/legged_perceptive/install/legged_perceptive_controllers/share/legged_perceptive_controllers/local_setup.dsv
-- Installing: /workspace/src/legged_perceptive/install/legged_perceptive_controllers/share/legged_perceptive_controllers/package.dsv
-- Installing: /workspace/src/legged_perceptive/install/legged_perceptive_controllers/share/ament_index/resource_index/packages/legged_perceptive_controllers
-- Installing: /workspace/src/legged_perceptive/install/legged_perceptive_controllers/share/ament_index/resource_index/controller_interface__pluginlib__plugin/legged_perceptive_controllers
-- Installing: /workspace/src/legged_perceptive/install/legged_perceptive_controllers/share/legged_perceptive_controllers/cmake/export_legged_perceptive_controllersExport.cmake
-- Installing: /workspace/src/legged_perceptive/install/legged_perceptive_controllers/share/legged_perceptive_controllers/cmake/export_legged_perceptive_controllersExport-noconfig.cmake
-- Installing: /workspace/src/legged_perceptive/install/legged_perceptive_controllers/share/legged_perceptive_controllers/cmake/ament_cmake_export_include_directories-extras.cmake
-- Installing: /workspace/src/legged_perceptive/install/legged_perceptive_controllers/share/legged_perceptive_controllers/cmake/ament_cmake_export_libraries-extras.cmake
-- Installing: /workspace/src/legged_perceptive/install/legged_perceptive_controllers/share/legged_perceptive_controllers/cmake/ament_cmake_export_targets-extras.cmake
-- Installing: /workspace/src/legged_perceptive/install/legged_perceptive_controllers/share/legged_perceptive_controllers/cmake/ament_cmake_export_dependencies-extras.cmake
-- Installing: /workspace/src/legged_perceptive/install/legged_perceptive_controllers/share/legged_perceptive_controllers/cmake/legged_perceptive_controllersConfig.cmake
-- Installing: /workspace/src/legged_perceptive/install/legged_perceptive_controllers/share/legged_perceptive_controllers/cmake/legged_perceptive_controllersConfig-version.cmake
-- Installing: /workspace/src/legged_perceptive/install/legged_perceptive_controllers/share/legged_perceptive_controllers/package.xml
