[0.008s] Invoking command in '/workspace/src/legged_perceptive/build/legged_perceptive_controllers': AMENT_PREFIX_PATH=/workspace/src/legged_perceptive/install/legged_perceptive_interface:${AMENT_PREFIX_PATH} CMAKE_PREFIX_PATH=/workspace/src/legged_perceptive/install/legged_perceptive_interface:/workspace/install/p1_dds_joy_tools:/workspace/install/legged_p1_hw:/workspace/install/legged_perceptive_controllers:/workspace/install/legged_controllers:/workspace/install/legged_wbc:/workspace/install/qpoases_vendor:/workspace/install/legged_perceptive_interface:/workspace/install/ocs2_sphere_approximation:/workspace/install/ocs2_self_collision_visualization:/workspace/install/legged_interface:/workspace/install/ocs2_self_collision:/workspace/install/ocs2_legged_robot_ros:/workspace/install/legged_estimation:/workspace/install/ocs2_legged_robot:/workspace/install/ocs2_centroidal_model:/workspace/install/ocs2_pinocchio_interface:/workspace/install/pinocchio:/workspace/install/ocs2_sqp:/workspace/install/ocs2_ros_interfaces:/workspace/install/ocs2_robotic_tools:/workspace/install/ocs2_ipm:/workspace/install/ocs2_ddp:/workspace/install/hpipm_catkin:/workspace/install/ocs2_qp_solver:/workspace/install/ocs2_mpc:/workspace/install/ocs2_oc:/workspace/install/ocs2_core:/workspace/install/ocs2_thirdparty:/workspace/install/ocs2_robotic_assets:/workspace/install/ocs2_msgs:/workspace/install/fast_lio:/workspace/install/livox_ros_driver2:/workspace/install/legged_hw:/workspace/install/legged_gazebo:/workspace/install/legged_description:/workspace/install/legged_common:/workspace/install/elevation_mapping_ros2:/workspace/install/kindr:/workspace/install/hpp-fcl:/workspace/install/grid_map_sdf:/workspace/install/convex_plane_decomposition_ros:/workspace/install/convex_plane_decomposition:/workspace/install/grid_map_filters_rsl:/workspace/install/dds_sdk:/workspace/install/convex_plane_decomposition_msgs:/workspace/install/blasfeo_catkin:/opt/ros/humble LD_LIBRARY_PATH=/workspace/src/legged_perceptive/install/legged_perceptive_interface/lib:${LD_LIBRARY_PATH} /usr/bin/cmake /workspace/src/legged_perceptive/legged_perceptive_controllers -DBUILD_TESTING=ON -DCMAKE_INSTALL_PREFIX=/workspace/src/legged_perceptive/install/legged_perceptive_controllers
[0.047s] -- The C compiler identification is GNU 11.4.0
[0.080s] -- The CXX compiler identification is GNU 11.4.0
[0.085s] -- Detecting C compiler ABI info
[0.133s] -- Detecting C compiler ABI info - done
[0.136s] -- Check for working C compiler: /usr/bin/cc - skipped
[0.136s] -- Detecting C compile features
[0.136s] -- Detecting C compile features - done
[0.138s] -- Detecting CXX compiler ABI info
[0.192s] -- Detecting CXX compiler ABI info - done
[0.196s] -- Check for working CXX compiler: /usr/bin/c++ - skipped
[0.196s] -- Detecting CXX compile features
[0.196s] -- Detecting CXX compile features - done
[0.200s] -- Found ament_cmake: 1.3.14 (/opt/ros/humble/share/ament_cmake/cmake)
[0.297s] -- Found Python3: /usr/bin/python3 (found version "3.10.12") found components: Interpreter 
[0.381s] -- Found rclcpp: 16.0.19 (/opt/ros/humble/share/rclcpp/cmake)
[0.422s] -- Found rosidl_generator_c: 3.1.8 (/opt/ros/humble/share/rosidl_generator_c/cmake)
[0.427s] -- Found rosidl_adapter: 3.1.8 (/opt/ros/humble/share/rosidl_adapter/cmake)
[0.433s] -- Found rosidl_generator_cpp: 3.1.8 (/opt/ros/humble/share/rosidl_generator_cpp/cmake)
[0.442s] -- Using all available rosidl_typesupport_c: rosidl_typesupport_fastrtps_c;rosidl_typesupport_introspection_c
[0.454s] -- Using all available rosidl_typesupport_cpp: rosidl_typesupport_fastrtps_cpp;rosidl_typesupport_introspection_cpp
[0.488s] -- Found rmw_implementation_cmake: 6.1.2 (/opt/ros/humble/share/rmw_implementation_cmake/cmake)
[0.491s] -- Found rmw_fastrtps_cpp: 6.2.10 (/opt/ros/humble/share/rmw_fastrtps_cpp/cmake)
[0.561s] -- Found OpenSSL: /usr/lib/x86_64-linux-gnu/libcrypto.so (found version "3.0.2")  
[0.584s] -- Found FastRTPS: /opt/ros/humble/include  
[0.613s] -- Using RMW implementation 'rmw_fastrtps_cpp' as default
[0.621s] -- Looking for pthread.h
[0.673s] -- Looking for pthread.h - found
[0.673s] -- Performing Test CMAKE_HAVE_LIBC_PTHREAD
[0.723s] -- Performing Test CMAKE_HAVE_LIBC_PTHREAD - Success
[0.724s] -- Found Threads: TRUE  
[0.763s] -- Found controller_interface: 2.54.0 (/opt/ros/humble/share/controller_interface/cmake)
[0.872s] -- Found legged_perceptive_interface: 0.0.0 (/workspace/src/legged_perceptive/install/legged_perceptive_interface/share/legged_perceptive_interface/cmake)
[1.039s] -- Found OpenMP_C: -fopenmp (found version "4.5") 
[1.097s] -- Found OpenMP_CXX: -fopenmp (found version "4.5") 
[1.097s] -- Found OpenMP: TRUE (found version "4.5")  
[1.143s] -- pinocchio FOUND. pinocchio at /workspace/install/pinocchio/lib/libpinocchio.so
[1.143s] -- boost_filesystem FOUND. boost_filesystem at /usr/lib/x86_64-linux-gnu/libboost_filesystem.so
[1.144s] -- boost_serialization FOUND. boost_serialization at /usr/lib/x86_64-linux-gnu/libboost_serialization.so
[1.144s] -- boost_system FOUND. boost_system at /usr/lib/x86_64-linux-gnu/libboost_system.so
[1.161s] -- hpp-fcl FOUND. hpp-fcl at /workspace/install/hpp-fcl/lib/libhpp-fcl.so
[1.322s] -- Found legged_controllers: 0.0.0 (/workspace/install/legged_controllers/share/legged_controllers/cmake)
[1.376s] -- Found eigen3_cmake_module: 0.1.1 (/opt/ros/humble/share/eigen3_cmake_module/cmake)
[1.377s] -- Found Eigen3: TRUE (found version "3.4.0") 
[1.378s] -- Ensuring Eigen3 include directory is part of orocos-kdl CMake target
[1.439s] -- Found Boost: /usr/include (found version "1.74.0") found components: system filesystem log_setup log date_time thread regex chrono atomic 
[1.527s] -- Configuring done
[1.571s] -- Generating done
[1.578s] -- Build files have been written to: /workspace/src/legged_perceptive/build/legged_perceptive_controllers
[1.586s] Invoked command in '/workspace/src/legged_perceptive/build/legged_perceptive_controllers' returned '0': AMENT_PREFIX_PATH=/workspace/src/legged_perceptive/install/legged_perceptive_interface:${AMENT_PREFIX_PATH} CMAKE_PREFIX_PATH=/workspace/src/legged_perceptive/install/legged_perceptive_interface:/workspace/install/p1_dds_joy_tools:/workspace/install/legged_p1_hw:/workspace/install/legged_perceptive_controllers:/workspace/install/legged_controllers:/workspace/install/legged_wbc:/workspace/install/qpoases_vendor:/workspace/install/legged_perceptive_interface:/workspace/install/ocs2_sphere_approximation:/workspace/install/ocs2_self_collision_visualization:/workspace/install/legged_interface:/workspace/install/ocs2_self_collision:/workspace/install/ocs2_legged_robot_ros:/workspace/install/legged_estimation:/workspace/install/ocs2_legged_robot:/workspace/install/ocs2_centroidal_model:/workspace/install/ocs2_pinocchio_interface:/workspace/install/pinocchio:/workspace/install/ocs2_sqp:/workspace/install/ocs2_ros_interfaces:/workspace/install/ocs2_robotic_tools:/workspace/install/ocs2_ipm:/workspace/install/ocs2_ddp:/workspace/install/hpipm_catkin:/workspace/install/ocs2_qp_solver:/workspace/install/ocs2_mpc:/workspace/install/ocs2_oc:/workspace/install/ocs2_core:/workspace/install/ocs2_thirdparty:/workspace/install/ocs2_robotic_assets:/workspace/install/ocs2_msgs:/workspace/install/fast_lio:/workspace/install/livox_ros_driver2:/workspace/install/legged_hw:/workspace/install/legged_gazebo:/workspace/install/legged_description:/workspace/install/legged_common:/workspace/install/elevation_mapping_ros2:/workspace/install/kindr:/workspace/install/hpp-fcl:/workspace/install/grid_map_sdf:/workspace/install/convex_plane_decomposition_ros:/workspace/install/convex_plane_decomposition:/workspace/install/grid_map_filters_rsl:/workspace/install/dds_sdk:/workspace/install/convex_plane_decomposition_msgs:/workspace/install/blasfeo_catkin:/opt/ros/humble LD_LIBRARY_PATH=/workspace/src/legged_perceptive/install/legged_perceptive_interface/lib:${LD_LIBRARY_PATH} /usr/bin/cmake /workspace/src/legged_perceptive/legged_perceptive_controllers -DBUILD_TESTING=ON -DCMAKE_INSTALL_PREFIX=/workspace/src/legged_perceptive/install/legged_perceptive_controllers
[1.587s] Invoking command in '/workspace/src/legged_perceptive/build/legged_perceptive_controllers': AMENT_PREFIX_PATH=/workspace/src/legged_perceptive/install/legged_perceptive_interface:${AMENT_PREFIX_PATH} CMAKE_PREFIX_PATH=/workspace/src/legged_perceptive/install/legged_perceptive_interface:/workspace/install/p1_dds_joy_tools:/workspace/install/legged_p1_hw:/workspace/install/legged_perceptive_controllers:/workspace/install/legged_controllers:/workspace/install/legged_wbc:/workspace/install/qpoases_vendor:/workspace/install/legged_perceptive_interface:/workspace/install/ocs2_sphere_approximation:/workspace/install/ocs2_self_collision_visualization:/workspace/install/legged_interface:/workspace/install/ocs2_self_collision:/workspace/install/ocs2_legged_robot_ros:/workspace/install/legged_estimation:/workspace/install/ocs2_legged_robot:/workspace/install/ocs2_centroidal_model:/workspace/install/ocs2_pinocchio_interface:/workspace/install/pinocchio:/workspace/install/ocs2_sqp:/workspace/install/ocs2_ros_interfaces:/workspace/install/ocs2_robotic_tools:/workspace/install/ocs2_ipm:/workspace/install/ocs2_ddp:/workspace/install/hpipm_catkin:/workspace/install/ocs2_qp_solver:/workspace/install/ocs2_mpc:/workspace/install/ocs2_oc:/workspace/install/ocs2_core:/workspace/install/ocs2_thirdparty:/workspace/install/ocs2_robotic_assets:/workspace/install/ocs2_msgs:/workspace/install/fast_lio:/workspace/install/livox_ros_driver2:/workspace/install/legged_hw:/workspace/install/legged_gazebo:/workspace/install/legged_description:/workspace/install/legged_common:/workspace/install/elevation_mapping_ros2:/workspace/install/kindr:/workspace/install/hpp-fcl:/workspace/install/grid_map_sdf:/workspace/install/convex_plane_decomposition_ros:/workspace/install/convex_plane_decomposition:/workspace/install/grid_map_filters_rsl:/workspace/install/dds_sdk:/workspace/install/convex_plane_decomposition_msgs:/workspace/install/blasfeo_catkin:/opt/ros/humble LD_LIBRARY_PATH=/workspace/src/legged_perceptive/install/legged_perceptive_interface/lib:${LD_LIBRARY_PATH} /usr/bin/cmake --build /workspace/src/legged_perceptive/build/legged_perceptive_controllers -- -j20 -l20
[1.631s] [ 75%] [32mBuilding CXX object CMakeFiles/legged_perceptive_controllers.dir/src/visualization/FootPlacementVisualization.cpp.o[0m
[1.632s] [ 75%] [32mBuilding CXX object CMakeFiles/legged_perceptive_controllers.dir/src/synchronized_module/PlanarTerrainReceiver.cpp.o[0m
[1.632s] [ 75%] [32mBuilding CXX object CMakeFiles/legged_perceptive_controllers.dir/src/visualization/SphereVisualization.cpp.o[0m
[1.632s] [ 75%] [32mBuilding CXX object CMakeFiles/grid_map_publisher.dir/test/MapPublisher.cpp.o[0m
[1.632s] [ 75%] [32mBuilding CXX object CMakeFiles/legged_perceptive_controllers.dir/src/PerceptiveController.cpp.o[0m
[1.632s] [ 75%] [32mBuilding CXX object CMakeFiles/legged_perceptive_controllers.dir/src/PerceptiveCheaterController.cpp.o[0m
[3.933s] In file included from /usr/include/boost/math/tools/cxx03_warn.hpp:9,
[3.933s]                  from /usr/include/boost/math/constants/constants.hpp:11,
[3.933s]                  from /workspace/install/pinocchio/include/pinocchio/math/fwd.hpp:10,
[3.933s]                  from /workspace/install/pinocchio/include/pinocchio/math/quaternion.hpp:12,
[3.933s]                  from /workspace/install/pinocchio/include/pinocchio/spatial/se3-tpl.hpp:12,
[3.933s]                  from /workspace/install/pinocchio/include/pinocchio/spatial/se3.hpp:44,
[3.933s]                  from /workspace/install/pinocchio/include/pinocchio/multibody/model.hpp:10,
[3.933s]                  from /workspace/install/pinocchio/include/pinocchio/algorithm/kinematics.hpp:8,
[3.933s]                  from /workspace/src/legged_perceptive/legged_perceptive_controllers/src/visualization/SphereVisualization.cpp:7:
[3.933s] /usr/include/boost/bind.hpp:36:1: note: ‘#pragma message: The practice of declaring the Bind placeholders (_1, _2, ...) in the global namespace is deprecated. Please use <boost/bind/bind.hpp> + using namespace boost::placeholders, or define BOOST_BIND_GLOBAL_PLACEHOLDERS to retain the current behavior.’
[3.933s]    36 | BOOST_PRAGMA_MESSAGE(
[3.933s]       | ^~~~~~~~~~~~~~~~~~~~
[4.617s] [ 87%] [32m[1mLinking CXX executable grid_map_publisher[0m
[4.926s] [ 87%] Built target grid_map_publisher
[7.321s] In file included from /usr/include/boost/math/tools/cxx03_warn.hpp:9,
[7.322s]                  from /usr/include/boost/math/constants/constants.hpp:11,
[7.322s]                  from /usr/include/boost/math/special_functions/asinh.hpp:25,
[7.322s]                  from /usr/include/boost/multiprecision/gmp.hpp:21,
[7.322s]                  from /usr/include/CGAL/boost_mp.h:43,
[7.322s]                  from /usr/include/CGAL/Number_types/internal/Exact_type_selector.h:27,
[7.322s]                  from /usr/include/CGAL/Exact_kernel_selector.h:26,
[7.322s]                  from /usr/include/CGAL/Filtered_kernel.h:22,
[7.322s]                  from /usr/include/CGAL/Exact_predicates_inexact_constructions_kernel.h:21,
[7.322s]                  from /workspace/install/convex_plane_decomposition/include/convex_plane_decomposition/PolygonTypes.h:7,
[7.322s]                  from /workspace/install/convex_plane_decomposition/include/convex_plane_decomposition/PlanarRegion.h:12,
[7.322s]                  from /workspace/src/legged_perceptive/install/legged_perceptive_interface/include/legged_perceptive_interface/ConvexRegionSelector.h:11,
[7.322s]                  from /workspace/src/legged_perceptive/legged_perceptive_controllers/include/legged_perceptive_controllers/visualization/FootPlacementVisualization.h:8,
[7.322s]                  from /workspace/src/legged_perceptive/legged_perceptive_controllers/include/legged_perceptive_controllers/PerceptiveController.h:7,
[7.322s]                  from /workspace/src/legged_perceptive/legged_perceptive_controllers/src/PerceptiveController.cpp:7:
[7.322s] /usr/include/boost/bind.hpp:36:1: note: ‘#pragma message: The practice of declaring the Bind placeholders (_1, _2, ...) in the global namespace is deprecated. Please use <boost/bind/bind.hpp> + using namespace boost::placeholders, or define BOOST_BIND_GLOBAL_PLACEHOLDERS to retain the current behavior.’
[7.322s]    36 | BOOST_PRAGMA_MESSAGE(
[7.322s]       | ^~~~~~~~~~~~~~~~~~~~
[7.367s] In file included from /usr/include/boost/math/tools/cxx03_warn.hpp:9,
[7.367s]                  from /usr/include/boost/math/constants/constants.hpp:11,
[7.367s]                  from /usr/include/boost/math/special_functions/asinh.hpp:25,
[7.367s]                  from /usr/include/boost/multiprecision/gmp.hpp:21,
[7.367s]                  from /usr/include/CGAL/boost_mp.h:43,
[7.367s]                  from /usr/include/CGAL/Number_types/internal/Exact_type_selector.h:27,
[7.367s]                  from /usr/include/CGAL/Exact_kernel_selector.h:26,
[7.367s]                  from /usr/include/CGAL/Filtered_kernel.h:22,
[7.367s]                  from /usr/include/CGAL/Exact_predicates_inexact_constructions_kernel.h:21,
[7.367s]                  from /workspace/install/convex_plane_decomposition/include/convex_plane_decomposition/PolygonTypes.h:7,
[7.367s]                  from /workspace/install/convex_plane_decomposition/include/convex_plane_decomposition/PlanarRegion.h:12,
[7.367s]                  from /workspace/src/legged_perceptive/install/legged_perceptive_interface/include/legged_perceptive_interface/ConvexRegionSelector.h:11,
[7.367s]                  from /workspace/src/legged_perceptive/legged_perceptive_controllers/include/legged_perceptive_controllers/visualization/FootPlacementVisualization.h:8,
[7.367s]                  from /workspace/src/legged_perceptive/legged_perceptive_controllers/include/legged_perceptive_controllers/PerceptiveController.h:7,
[7.367s]                  from /workspace/src/legged_perceptive/legged_perceptive_controllers/include/legged_perceptive_controllers/PerceptiveCheaterController.h:12,
[7.367s]                  from /workspace/src/legged_perceptive/legged_perceptive_controllers/src/PerceptiveCheaterController.cpp:7:
[7.367s] /usr/include/boost/bind.hpp:36:1: note: ‘#pragma message: The practice of declaring the Bind placeholders (_1, _2, ...) in the global namespace is deprecated. Please use <boost/bind/bind.hpp> + using namespace boost::placeholders, or define BOOST_BIND_GLOBAL_PLACEHOLDERS to retain the current behavior.’
[7.367s]    36 | BOOST_PRAGMA_MESSAGE(
[7.367s]       | ^~~~~~~~~~~~~~~~~~~~
[11.600s] [100%] [32m[1mLinking CXX shared library liblegged_perceptive_controllers.so[0m
[14.223s] [100%] Built target legged_perceptive_controllers
[14.282s] Invoked command in '/workspace/src/legged_perceptive/build/legged_perceptive_controllers' returned '0': AMENT_PREFIX_PATH=/workspace/src/legged_perceptive/install/legged_perceptive_interface:${AMENT_PREFIX_PATH} CMAKE_PREFIX_PATH=/workspace/src/legged_perceptive/install/legged_perceptive_interface:/workspace/install/p1_dds_joy_tools:/workspace/install/legged_p1_hw:/workspace/install/legged_perceptive_controllers:/workspace/install/legged_controllers:/workspace/install/legged_wbc:/workspace/install/qpoases_vendor:/workspace/install/legged_perceptive_interface:/workspace/install/ocs2_sphere_approximation:/workspace/install/ocs2_self_collision_visualization:/workspace/install/legged_interface:/workspace/install/ocs2_self_collision:/workspace/install/ocs2_legged_robot_ros:/workspace/install/legged_estimation:/workspace/install/ocs2_legged_robot:/workspace/install/ocs2_centroidal_model:/workspace/install/ocs2_pinocchio_interface:/workspace/install/pinocchio:/workspace/install/ocs2_sqp:/workspace/install/ocs2_ros_interfaces:/workspace/install/ocs2_robotic_tools:/workspace/install/ocs2_ipm:/workspace/install/ocs2_ddp:/workspace/install/hpipm_catkin:/workspace/install/ocs2_qp_solver:/workspace/install/ocs2_mpc:/workspace/install/ocs2_oc:/workspace/install/ocs2_core:/workspace/install/ocs2_thirdparty:/workspace/install/ocs2_robotic_assets:/workspace/install/ocs2_msgs:/workspace/install/fast_lio:/workspace/install/livox_ros_driver2:/workspace/install/legged_hw:/workspace/install/legged_gazebo:/workspace/install/legged_description:/workspace/install/legged_common:/workspace/install/elevation_mapping_ros2:/workspace/install/kindr:/workspace/install/hpp-fcl:/workspace/install/grid_map_sdf:/workspace/install/convex_plane_decomposition_ros:/workspace/install/convex_plane_decomposition:/workspace/install/grid_map_filters_rsl:/workspace/install/dds_sdk:/workspace/install/convex_plane_decomposition_msgs:/workspace/install/blasfeo_catkin:/opt/ros/humble LD_LIBRARY_PATH=/workspace/src/legged_perceptive/install/legged_perceptive_interface/lib:${LD_LIBRARY_PATH} /usr/bin/cmake --build /workspace/src/legged_perceptive/build/legged_perceptive_controllers -- -j20 -l20
[14.283s] Invoking command in '/workspace/src/legged_perceptive/build/legged_perceptive_controllers': AMENT_PREFIX_PATH=/workspace/src/legged_perceptive/install/legged_perceptive_interface:${AMENT_PREFIX_PATH} CMAKE_PREFIX_PATH=/workspace/src/legged_perceptive/install/legged_perceptive_interface:/workspace/install/p1_dds_joy_tools:/workspace/install/legged_p1_hw:/workspace/install/legged_perceptive_controllers:/workspace/install/legged_controllers:/workspace/install/legged_wbc:/workspace/install/qpoases_vendor:/workspace/install/legged_perceptive_interface:/workspace/install/ocs2_sphere_approximation:/workspace/install/ocs2_self_collision_visualization:/workspace/install/legged_interface:/workspace/install/ocs2_self_collision:/workspace/install/ocs2_legged_robot_ros:/workspace/install/legged_estimation:/workspace/install/ocs2_legged_robot:/workspace/install/ocs2_centroidal_model:/workspace/install/ocs2_pinocchio_interface:/workspace/install/pinocchio:/workspace/install/ocs2_sqp:/workspace/install/ocs2_ros_interfaces:/workspace/install/ocs2_robotic_tools:/workspace/install/ocs2_ipm:/workspace/install/ocs2_ddp:/workspace/install/hpipm_catkin:/workspace/install/ocs2_qp_solver:/workspace/install/ocs2_mpc:/workspace/install/ocs2_oc:/workspace/install/ocs2_core:/workspace/install/ocs2_thirdparty:/workspace/install/ocs2_robotic_assets:/workspace/install/ocs2_msgs:/workspace/install/fast_lio:/workspace/install/livox_ros_driver2:/workspace/install/legged_hw:/workspace/install/legged_gazebo:/workspace/install/legged_description:/workspace/install/legged_common:/workspace/install/elevation_mapping_ros2:/workspace/install/kindr:/workspace/install/hpp-fcl:/workspace/install/grid_map_sdf:/workspace/install/convex_plane_decomposition_ros:/workspace/install/convex_plane_decomposition:/workspace/install/grid_map_filters_rsl:/workspace/install/dds_sdk:/workspace/install/convex_plane_decomposition_msgs:/workspace/install/blasfeo_catkin:/opt/ros/humble LD_LIBRARY_PATH=/workspace/src/legged_perceptive/install/legged_perceptive_interface/lib:${LD_LIBRARY_PATH} /usr/bin/cmake --install /workspace/src/legged_perceptive/build/legged_perceptive_controllers
[14.290s] -- Install configuration: ""
[14.290s] -- Installing: /workspace/src/legged_perceptive/install/legged_perceptive_controllers/share/legged_perceptive_controllers/legged_perceptive_controllers_plugins.xml
[14.290s] -- Installing: /workspace/src/legged_perceptive/install/legged_perceptive_controllers/lib/liblegged_perceptive_controllers.so
[14.327s] -- Set runtime path of "/workspace/src/legged_perceptive/install/legged_perceptive_controllers/lib/liblegged_perceptive_controllers.so" to ""
[14.327s] -- Installing: /workspace/src/legged_perceptive/install/legged_perceptive_controllers/lib/legged_perceptive_controllers/grid_map_publisher
[14.327s] -- Set runtime path of "/workspace/src/legged_perceptive/install/legged_perceptive_controllers/lib/legged_perceptive_controllers/grid_map_publisher" to ""
[14.327s] -- Installing: /workspace/src/legged_perceptive/install/legged_perceptive_controllers/include/legged_perceptive_controllers
[14.327s] -- Installing: /workspace/src/legged_perceptive/install/legged_perceptive_controllers/include/legged_perceptive_controllers/visualization
[14.327s] -- Installing: /workspace/src/legged_perceptive/install/legged_perceptive_controllers/include/legged_perceptive_controllers/visualization/SphereVisualization.h
[14.328s] -- Installing: /workspace/src/legged_perceptive/install/legged_perceptive_controllers/include/legged_perceptive_controllers/visualization/FootPlacementVisualization.h
[14.328s] -- Installing: /workspace/src/legged_perceptive/install/legged_perceptive_controllers/include/legged_perceptive_controllers/PerceptiveController.h
[14.328s] -- Installing: /workspace/src/legged_perceptive/install/legged_perceptive_controllers/include/legged_perceptive_controllers/PerceptiveCheaterController.h
[14.328s] -- Installing: /workspace/src/legged_perceptive/install/legged_perceptive_controllers/include/legged_perceptive_controllers/synchronized_module
[14.328s] -- Installing: /workspace/src/legged_perceptive/install/legged_perceptive_controllers/include/legged_perceptive_controllers/synchronized_module/PlanarTerrainReceiver.h
[14.328s] -- Up-to-date: /workspace/src/legged_perceptive/install/legged_perceptive_controllers/share/legged_perceptive_controllers/legged_perceptive_controllers_plugins.xml
[14.328s] -- Installing: /workspace/src/legged_perceptive/install/legged_perceptive_controllers/share/legged_perceptive_controllers/config
[14.328s] -- Installing: /workspace/src/legged_perceptive/install/legged_perceptive_controllers/share/legged_perceptive_controllers/config/p1
[14.328s] -- Installing: /workspace/src/legged_perceptive/install/legged_perceptive_controllers/share/legged_perceptive_controllers/config/p1/task.info
[14.328s] -- Installing: /workspace/src/legged_perceptive/install/legged_perceptive_controllers/share/legged_perceptive_controllers/config/aliengo
[14.328s] -- Installing: /workspace/src/legged_perceptive/install/legged_perceptive_controllers/share/legged_perceptive_controllers/config/aliengo/task.info
[14.328s] -- Installing: /workspace/src/legged_perceptive/install/legged_perceptive_controllers/share/legged_perceptive_controllers/config/k20
[14.328s] -- Installing: /workspace/src/legged_perceptive/install/legged_perceptive_controllers/share/legged_perceptive_controllers/config/k20/task.info
[14.328s] -- Installing: /workspace/src/legged_perceptive/install/legged_perceptive_controllers/share/legged_perceptive_controllers/config/rviz.rviz
[14.329s] -- Installing: /workspace/src/legged_perceptive/install/legged_perceptive_controllers/share/legged_perceptive_controllers/config/a1
[14.329s] -- Installing: /workspace/src/legged_perceptive/install/legged_perceptive_controllers/share/legged_perceptive_controllers/config/a1/task.info
[14.329s] -- Installing: /workspace/src/legged_perceptive/install/legged_perceptive_controllers/share/legged_perceptive_controllers/config/elevation_mapping.yaml
[14.329s] -- Installing: /workspace/src/legged_perceptive/install/legged_perceptive_controllers/share/legged_perceptive_controllers/config/body_filter.yaml
[14.329s] -- Installing: /workspace/src/legged_perceptive/install/legged_perceptive_controllers/share/legged_perceptive_controllers/config/default.yaml
[14.329s] -- Installing: /workspace/src/legged_perceptive/install/legged_perceptive_controllers/share/legged_perceptive_controllers/config/convex_plane_decomposition.yaml
[14.329s] -- Installing: /workspace/src/legged_perceptive/install/legged_perceptive_controllers/share/legged_perceptive_controllers/launch
[14.329s] -- Installing: /workspace/src/legged_perceptive/install/legged_perceptive_controllers/share/legged_perceptive_controllers/launch/load_controller.launch.py
[14.329s] -- Installing: /workspace/src/legged_perceptive/install/legged_perceptive_controllers/share/legged_perceptive_controllers/environment/library_path.sh
[14.329s] -- Installing: /workspace/src/legged_perceptive/install/legged_perceptive_controllers/share/legged_perceptive_controllers/environment/library_path.dsv
[14.329s] -- Installing: /workspace/src/legged_perceptive/install/legged_perceptive_controllers/share/ament_index/resource_index/package_run_dependencies/legged_perceptive_controllers
[14.329s] -- Installing: /workspace/src/legged_perceptive/install/legged_perceptive_controllers/share/ament_index/resource_index/parent_prefix_path/legged_perceptive_controllers
[14.329s] -- Installing: /workspace/src/legged_perceptive/install/legged_perceptive_controllers/share/legged_perceptive_controllers/environment/ament_prefix_path.sh
[14.329s] -- Installing: /workspace/src/legged_perceptive/install/legged_perceptive_controllers/share/legged_perceptive_controllers/environment/ament_prefix_path.dsv
[14.330s] -- Installing: /workspace/src/legged_perceptive/install/legged_perceptive_controllers/share/legged_perceptive_controllers/environment/path.sh
[14.330s] -- Installing: /workspace/src/legged_perceptive/install/legged_perceptive_controllers/share/legged_perceptive_controllers/environment/path.dsv
[14.330s] -- Installing: /workspace/src/legged_perceptive/install/legged_perceptive_controllers/share/legged_perceptive_controllers/local_setup.bash
[14.330s] -- Installing: /workspace/src/legged_perceptive/install/legged_perceptive_controllers/share/legged_perceptive_controllers/local_setup.sh
[14.330s] -- Installing: /workspace/src/legged_perceptive/install/legged_perceptive_controllers/share/legged_perceptive_controllers/local_setup.zsh
[14.330s] -- Installing: /workspace/src/legged_perceptive/install/legged_perceptive_controllers/share/legged_perceptive_controllers/local_setup.dsv
[14.330s] -- Installing: /workspace/src/legged_perceptive/install/legged_perceptive_controllers/share/legged_perceptive_controllers/package.dsv
[14.330s] -- Installing: /workspace/src/legged_perceptive/install/legged_perceptive_controllers/share/ament_index/resource_index/packages/legged_perceptive_controllers
[14.330s] -- Installing: /workspace/src/legged_perceptive/install/legged_perceptive_controllers/share/ament_index/resource_index/controller_interface__pluginlib__plugin/legged_perceptive_controllers
[14.330s] -- Installing: /workspace/src/legged_perceptive/install/legged_perceptive_controllers/share/legged_perceptive_controllers/cmake/export_legged_perceptive_controllersExport.cmake
[14.330s] -- Installing: /workspace/src/legged_perceptive/install/legged_perceptive_controllers/share/legged_perceptive_controllers/cmake/export_legged_perceptive_controllersExport-noconfig.cmake
[14.330s] -- Installing: /workspace/src/legged_perceptive/install/legged_perceptive_controllers/share/legged_perceptive_controllers/cmake/ament_cmake_export_include_directories-extras.cmake
[14.330s] -- Installing: /workspace/src/legged_perceptive/install/legged_perceptive_controllers/share/legged_perceptive_controllers/cmake/ament_cmake_export_libraries-extras.cmake
[14.330s] -- Installing: /workspace/src/legged_perceptive/install/legged_perceptive_controllers/share/legged_perceptive_controllers/cmake/ament_cmake_export_targets-extras.cmake
[14.330s] -- Installing: /workspace/src/legged_perceptive/install/legged_perceptive_controllers/share/legged_perceptive_controllers/cmake/ament_cmake_export_dependencies-extras.cmake
[14.330s] -- Installing: /workspace/src/legged_perceptive/install/legged_perceptive_controllers/share/legged_perceptive_controllers/cmake/legged_perceptive_controllersConfig.cmake
[14.330s] -- Installing: /workspace/src/legged_perceptive/install/legged_perceptive_controllers/share/legged_perceptive_controllers/cmake/legged_perceptive_controllersConfig-version.cmake
[14.330s] -- Installing: /workspace/src/legged_perceptive/install/legged_perceptive_controllers/share/legged_perceptive_controllers/package.xml
[14.331s] Invoked command in '/workspace/src/legged_perceptive/build/legged_perceptive_controllers' returned '0': AMENT_PREFIX_PATH=/workspace/src/legged_perceptive/install/legged_perceptive_interface:${AMENT_PREFIX_PATH} CMAKE_PREFIX_PATH=/workspace/src/legged_perceptive/install/legged_perceptive_interface:/workspace/install/p1_dds_joy_tools:/workspace/install/legged_p1_hw:/workspace/install/legged_perceptive_controllers:/workspace/install/legged_controllers:/workspace/install/legged_wbc:/workspace/install/qpoases_vendor:/workspace/install/legged_perceptive_interface:/workspace/install/ocs2_sphere_approximation:/workspace/install/ocs2_self_collision_visualization:/workspace/install/legged_interface:/workspace/install/ocs2_self_collision:/workspace/install/ocs2_legged_robot_ros:/workspace/install/legged_estimation:/workspace/install/ocs2_legged_robot:/workspace/install/ocs2_centroidal_model:/workspace/install/ocs2_pinocchio_interface:/workspace/install/pinocchio:/workspace/install/ocs2_sqp:/workspace/install/ocs2_ros_interfaces:/workspace/install/ocs2_robotic_tools:/workspace/install/ocs2_ipm:/workspace/install/ocs2_ddp:/workspace/install/hpipm_catkin:/workspace/install/ocs2_qp_solver:/workspace/install/ocs2_mpc:/workspace/install/ocs2_oc:/workspace/install/ocs2_core:/workspace/install/ocs2_thirdparty:/workspace/install/ocs2_robotic_assets:/workspace/install/ocs2_msgs:/workspace/install/fast_lio:/workspace/install/livox_ros_driver2:/workspace/install/legged_hw:/workspace/install/legged_gazebo:/workspace/install/legged_description:/workspace/install/legged_common:/workspace/install/elevation_mapping_ros2:/workspace/install/kindr:/workspace/install/hpp-fcl:/workspace/install/grid_map_sdf:/workspace/install/convex_plane_decomposition_ros:/workspace/install/convex_plane_decomposition:/workspace/install/grid_map_filters_rsl:/workspace/install/dds_sdk:/workspace/install/convex_plane_decomposition_msgs:/workspace/install/blasfeo_catkin:/opt/ros/humble LD_LIBRARY_PATH=/workspace/src/legged_perceptive/install/legged_perceptive_interface/lib:${LD_LIBRARY_PATH} /usr/bin/cmake --install /workspace/src/legged_perceptive/build/legged_perceptive_controllers
