In file included from /usr/include/boost/math/tools/cxx03_warn.hpp:9,
                 from /usr/include/boost/math/constants/constants.hpp:11,
                 from /workspace/install/pinocchio/include/pinocchio/math/fwd.hpp:10,
                 from /workspace/install/pinocchio/include/pinocchio/math/quaternion.hpp:12,
                 from /workspace/install/pinocchio/include/pinocchio/spatial/se3-tpl.hpp:12,
                 from /workspace/install/pinocchio/include/pinocchio/spatial/se3.hpp:44,
                 from /workspace/install/pinocchio/include/pinocchio/multibody/model.hpp:10,
                 from /workspace/install/ocs2_sphere_approximation/include/ocs2_sphere_approximation/PinocchioSphereInterface.h:32,
                 from /workspace/install/ocs2_sphere_approximation/include/ocs2_sphere_approximation/PinocchioSphereKinematics.h:38,
                 from /workspace/src/legged_perceptive/legged_perceptive_interface/include/legged_perceptive_interface/constraint/SphereSdfConstraint.h:10,
                 from /workspace/src/legged_perceptive/legged_perceptive_interface/src/constraint/SphereSdfConstraint.cpp:5:
/usr/include/boost/bind.hpp:36:1: note: ‘#pragma message: The practice of declaring the Bind placeholders (_1, _2, ...) in the global namespace is deprecated. Please use <boost/bind/bind.hpp> + using namespace boost::placeholders, or define BOOST_BIND_GLOBAL_PLACEHOLDERS to retain the current behavior.’
   36 | BOOST_PRAGMA_MESSAGE(
      | ^~~~~~~~~~~~~~~~~~~~
In file included from /usr/include/boost/math/tools/cxx03_warn.hpp:9,
                 from /usr/include/boost/math/constants/constants.hpp:11,
                 from /workspace/install/pinocchio/include/pinocchio/math/fwd.hpp:10,
                 from /workspace/install/pinocchio/include/pinocchio/math/quaternion.hpp:12,
                 from /workspace/install/pinocchio/include/pinocchio/spatial/se3-tpl.hpp:12,
                 from /workspace/install/pinocchio/include/pinocchio/spatial/se3.hpp:44,
                 from /workspace/install/pinocchio/include/pinocchio/multibody/model.hpp:10,
                 from /workspace/install/ocs2_sphere_approximation/include/ocs2_sphere_approximation/PinocchioSphereInterface.h:32,
                 from /workspace/install/ocs2_sphere_approximation/include/ocs2_sphere_approximation/PinocchioSphereKinematics.h:38,
                 from /workspace/src/legged_perceptive/legged_perceptive_interface/include/legged_perceptive_interface/constraint/SphereSdfConstraint.h:10,
                 from /workspace/src/legged_perceptive/legged_perceptive_interface/src/PerceptiveLeggedInterface.cpp:6:
/usr/include/boost/bind.hpp:36:1: note: ‘#pragma message: The practice of declaring the Bind placeholders (_1, _2, ...) in the global namespace is deprecated. Please use <boost/bind/bind.hpp> + using namespace boost::placeholders, or define BOOST_BIND_GLOBAL_PLACEHOLDERS to retain the current behavior.’
   36 | BOOST_PRAGMA_MESSAGE(
      | ^~~~~~~~~~~~~~~~~~~~
