-- The C compiler identification is GNU 11.4.0
-- The CXX compiler identification is GNU 11.4.0
-- Detecting C compiler ABI info
-- Detecting C compiler ABI info - done
-- Check for working C compiler: /usr/bin/cc - skipped
-- Detecting C compile features
-- Detecting C compile features - done
-- Detecting CXX compiler ABI info
-- Detecting CXX compiler ABI info - done
-- Check for working CXX compiler: /usr/bin/c++ - skipped
-- Detecting CXX compile features
-- Detecting CXX compile features - done
-- Found ament_cmake: 1.3.14 (/opt/ros/humble/share/ament_cmake/cmake)
-- Found Python3: /usr/bin/python3 (found version "3.10.12") found components: Interpreter 
-- Found legged_interface: 0.0.0 (/workspace/install/legged_interface/share/legged_interface/cmake)
-- Found OpenMP_C: -fopenmp (found version "4.5") 
-- Found OpenMP_CXX: -fopenmp (found version "4.5") 
-- Found OpenMP: TRUE (found version "4.5")  
-- pinocchio FOUND. pinocchio at /workspace/install/pinocchio/lib/libpinocchio.so
-- boost_filesystem FOUND. boost_filesystem at /usr/lib/x86_64-linux-gnu/libboost_filesystem.so
-- boost_serialization FOUND. boost_serialization at /usr/lib/x86_64-linux-gnu/libboost_serialization.so
-- boost_system FOUND. boost_system at /usr/lib/x86_64-linux-gnu/libboost_system.so
-- hpp-fcl FOUND. hpp-fcl at /workspace/install/hpp-fcl/lib/libhpp-fcl.so
-- Found convex_plane_decomposition_msgs: 0.0.1 (/workspace/install/convex_plane_decomposition_msgs/share/convex_plane_decomposition_msgs/cmake)
-- Found rosidl_generator_c: 3.1.8 (/opt/ros/humble/share/rosidl_generator_c/cmake)
-- Found rosidl_adapter: 3.1.8 (/opt/ros/humble/share/rosidl_adapter/cmake)
-- Found rosidl_generator_cpp: 3.1.8 (/opt/ros/humble/share/rosidl_generator_cpp/cmake)
-- Using all available rosidl_typesupport_c: rosidl_typesupport_fastrtps_c;rosidl_typesupport_introspection_c
-- Using all available rosidl_typesupport_cpp: rosidl_typesupport_fastrtps_cpp;rosidl_typesupport_introspection_cpp
-- Found convex_plane_decomposition_ros: 0.0.1 (/workspace/install/convex_plane_decomposition_ros/share/convex_plane_decomposition_ros/cmake)
-- Found rmw_implementation_cmake: 6.1.2 (/opt/ros/humble/share/rmw_implementation_cmake/cmake)
-- Found rmw_fastrtps_cpp: 6.2.10 (/opt/ros/humble/share/rmw_fastrtps_cpp/cmake)
-- Found OpenSSL: /usr/lib/x86_64-linux-gnu/libcrypto.so (found version "3.0.2")  
-- Found FastRTPS: /opt/ros/humble/include  
-- Using RMW implementation 'rmw_fastrtps_cpp' as default
-- Found Threads: TRUE  
-- Found grid_map_sdf: 1.7.18 (/workspace/install/grid_map_sdf/share/grid_map_sdf/cmake)
-- Found ocs2_sphere_approximation: 0.0.0 (/workspace/install/ocs2_sphere_approximation/share/ocs2_sphere_approximation/cmake)
-- Found Boost: /usr/include (found version "1.74.0") found components: system filesystem log_setup log date_time thread regex chrono atomic 
-- Found ament_cmake_gtest: 1.3.14 (/opt/ros/humble/share/ament_cmake_gtest/cmake)
-- Found gtest sources under '/opt/ros/humble/src/gtest_vendor': C++ tests using 'Google Test' will be built
-- Configuring done
-- Generating done
-- Build files have been written to: /workspace/src/legged_perceptive/build/legged_perceptive_interface
[  5%] [32mBuilding CXX object CMakeFiles/legged_perceptive_interface.dir/src/constraint/SphereSdfConstraint.cpp.o[0m
[ 35%] [32mBuilding CXX object gtest/CMakeFiles/gtest.dir/src/gtest-all.cc.o[0m
[ 35%] [32mBuilding CXX object CMakeFiles/legged_perceptive_interface.dir/src/ConvexRegionSelector.cpp.o[0m
[ 35%] [32mBuilding CXX object CMakeFiles/legged_perceptive_interface.dir/src/constraint/FootPlacementConstraint.cpp.o[0m
[ 35%] [32mBuilding CXX object CMakeFiles/legged_perceptive_interface.dir/src/constraint/FootCollisionConstraint.cpp.o[0m
[ 35%] [32mBuilding CXX object gtest/CMakeFiles/gtest_main.dir/src/gtest_main.cc.o[0m
[ 41%] [32mBuilding CXX object CMakeFiles/legged_perceptive_interface.dir/src/TargetTrajectoryResampler.cpp.o[0m
[ 47%] [32mBuilding CXX object CMakeFiles/legged_perceptive_interface.dir/src/PerceptiveLeggedReferenceManager.cpp.o[0m
[ 58%] [32mBuilding CXX object CMakeFiles/legged_perceptive_interface.dir/src/PerceptiveLeggedPrecomputation.cpp.o[0m
[ 58%] [32mBuilding CXX object CMakeFiles/legged_perceptive_interface.dir/src/PerceptiveLeggedInterface.cpp.o[0m
[ 64%] [32m[1mLinking CXX static library libgtest_main.a[0m
[ 64%] Built target gtest_main
[ 70%] [32m[1mLinking CXX static library libgtest.a[0m
[ 70%] Built target gtest
In file included from /usr/include/boost/math/tools/cxx03_warn.hpp:9,
                 from /usr/include/boost/math/constants/constants.hpp:11,
                 from /workspace/install/pinocchio/include/pinocchio/math/fwd.hpp:10,
                 from /workspace/install/pinocchio/include/pinocchio/math/quaternion.hpp:12,
                 from /workspace/install/pinocchio/include/pinocchio/spatial/se3-tpl.hpp:12,
                 from /workspace/install/pinocchio/include/pinocchio/spatial/se3.hpp:44,
                 from /workspace/install/pinocchio/include/pinocchio/multibody/model.hpp:10,
                 from /workspace/install/ocs2_sphere_approximation/include/ocs2_sphere_approximation/PinocchioSphereInterface.h:32,
                 from /workspace/install/ocs2_sphere_approximation/include/ocs2_sphere_approximation/PinocchioSphereKinematics.h:38,
                 from /workspace/src/legged_perceptive/legged_perceptive_interface/include/legged_perceptive_interface/constraint/SphereSdfConstraint.h:10,
                 from /workspace/src/legged_perceptive/legged_perceptive_interface/src/constraint/SphereSdfConstraint.cpp:5:
/usr/include/boost/bind.hpp:36:1: note: ‘#pragma message: The practice of declaring the Bind placeholders (_1, _2, ...) in the global namespace is deprecated. Please use <boost/bind/bind.hpp> + using namespace boost::placeholders, or define BOOST_BIND_GLOBAL_PLACEHOLDERS to retain the current behavior.’
   36 | BOOST_PRAGMA_MESSAGE(
      | ^~~~~~~~~~~~~~~~~~~~
In file included from /usr/include/boost/math/tools/cxx03_warn.hpp:9,
                 from /usr/include/boost/math/constants/constants.hpp:11,
                 from /workspace/install/pinocchio/include/pinocchio/math/fwd.hpp:10,
                 from /workspace/install/pinocchio/include/pinocchio/math/quaternion.hpp:12,
                 from /workspace/install/pinocchio/include/pinocchio/spatial/se3-tpl.hpp:12,
                 from /workspace/install/pinocchio/include/pinocchio/spatial/se3.hpp:44,
                 from /workspace/install/pinocchio/include/pinocchio/multibody/model.hpp:10,
                 from /workspace/install/ocs2_sphere_approximation/include/ocs2_sphere_approximation/PinocchioSphereInterface.h:32,
                 from /workspace/install/ocs2_sphere_approximation/include/ocs2_sphere_approximation/PinocchioSphereKinematics.h:38,
                 from /workspace/src/legged_perceptive/legged_perceptive_interface/include/legged_perceptive_interface/constraint/SphereSdfConstraint.h:10,
                 from /workspace/src/legged_perceptive/legged_perceptive_interface/src/PerceptiveLeggedInterface.cpp:6:
/usr/include/boost/bind.hpp:36:1: note: ‘#pragma message: The practice of declaring the Bind placeholders (_1, _2, ...) in the global namespace is deprecated. Please use <boost/bind/bind.hpp> + using namespace boost::placeholders, or define BOOST_BIND_GLOBAL_PLACEHOLDERS to retain the current behavior.’
   36 | BOOST_PRAGMA_MESSAGE(
      | ^~~~~~~~~~~~~~~~~~~~
[ 76%] [32m[1mLinking CXX static library liblegged_perceptive_interface.a[0m
[ 76%] Built target legged_perceptive_interface
[ 88%] [32mBuilding CXX object CMakeFiles/test_perceptive_reference_manager.dir/test/test_perceptive_reference_manager.cpp.o[0m
[ 88%] [32mBuilding CXX object CMakeFiles/test_convex_region_selector_timing.dir/test/test_convex_region_selector_timing.cpp.o[0m
[ 94%] [32m[1mLinking CXX executable test_perceptive_reference_manager[0m
[ 94%] Built target test_perceptive_reference_manager
[100%] [32m[1mLinking CXX executable test_convex_region_selector_timing[0m
[100%] Built target test_convex_region_selector_timing
-- Install configuration: ""
-- Installing: /workspace/src/legged_perceptive/install/legged_perceptive_interface/lib/liblegged_perceptive_interface.a
-- Installing: /workspace/src/legged_perceptive/install/legged_perceptive_interface/include/legged_perceptive_interface
-- Installing: /workspace/src/legged_perceptive/install/legged_perceptive_interface/include/legged_perceptive_interface/TargetTrajectoryResampler.h
-- Installing: /workspace/src/legged_perceptive/install/legged_perceptive_interface/include/legged_perceptive_interface/PerceptiveLeggedReferenceManager.h
-- Installing: /workspace/src/legged_perceptive/install/legged_perceptive_interface/include/legged_perceptive_interface/constraint
-- Installing: /workspace/src/legged_perceptive/install/legged_perceptive_interface/include/legged_perceptive_interface/constraint/FootCollisionConstraint.h
-- Installing: /workspace/src/legged_perceptive/install/legged_perceptive_interface/include/legged_perceptive_interface/constraint/FootPlacementConstraint.h
-- Installing: /workspace/src/legged_perceptive/install/legged_perceptive_interface/include/legged_perceptive_interface/constraint/SphereSdfConstraint.h
-- Installing: /workspace/src/legged_perceptive/install/legged_perceptive_interface/include/legged_perceptive_interface/PerceptiveLeggedPrecomputation.h
-- Installing: /workspace/src/legged_perceptive/install/legged_perceptive_interface/include/legged_perceptive_interface/ConvexRegionSelector.h
-- Installing: /workspace/src/legged_perceptive/install/legged_perceptive_interface/include/legged_perceptive_interface/PerceptiveLeggedInterface.h
-- Installing: /workspace/src/legged_perceptive/install/legged_perceptive_interface/share/legged_perceptive_interface/cmake/export_legged_perceptive_interface.cmake
-- Installing: /workspace/src/legged_perceptive/install/legged_perceptive_interface/share/legged_perceptive_interface/cmake/export_legged_perceptive_interface-noconfig.cmake
-- Installing: /workspace/src/legged_perceptive/install/legged_perceptive_interface/share/legged_perceptive_interface/environment/library_path.sh
-- Installing: /workspace/src/legged_perceptive/install/legged_perceptive_interface/share/legged_perceptive_interface/environment/library_path.dsv
-- Installing: /workspace/src/legged_perceptive/install/legged_perceptive_interface/share/ament_index/resource_index/package_run_dependencies/legged_perceptive_interface
-- Installing: /workspace/src/legged_perceptive/install/legged_perceptive_interface/share/ament_index/resource_index/parent_prefix_path/legged_perceptive_interface
-- Installing: /workspace/src/legged_perceptive/install/legged_perceptive_interface/share/legged_perceptive_interface/environment/ament_prefix_path.sh
-- Installing: /workspace/src/legged_perceptive/install/legged_perceptive_interface/share/legged_perceptive_interface/environment/ament_prefix_path.dsv
-- Installing: /workspace/src/legged_perceptive/install/legged_perceptive_interface/share/legged_perceptive_interface/environment/path.sh
-- Installing: /workspace/src/legged_perceptive/install/legged_perceptive_interface/share/legged_perceptive_interface/environment/path.dsv
-- Installing: /workspace/src/legged_perceptive/install/legged_perceptive_interface/share/legged_perceptive_interface/local_setup.bash
-- Installing: /workspace/src/legged_perceptive/install/legged_perceptive_interface/share/legged_perceptive_interface/local_setup.sh
-- Installing: /workspace/src/legged_perceptive/install/legged_perceptive_interface/share/legged_perceptive_interface/local_setup.zsh
-- Installing: /workspace/src/legged_perceptive/install/legged_perceptive_interface/share/legged_perceptive_interface/local_setup.dsv
-- Installing: /workspace/src/legged_perceptive/install/legged_perceptive_interface/share/legged_perceptive_interface/package.dsv
-- Installing: /workspace/src/legged_perceptive/install/legged_perceptive_interface/share/ament_index/resource_index/packages/legged_perceptive_interface
-- Installing: /workspace/src/legged_perceptive/install/legged_perceptive_interface/share/legged_perceptive_interface/cmake/export_legged_perceptive_interfaceExport.cmake
-- Installing: /workspace/src/legged_perceptive/install/legged_perceptive_interface/share/legged_perceptive_interface/cmake/export_legged_perceptive_interfaceExport-noconfig.cmake
-- Installing: /workspace/src/legged_perceptive/install/legged_perceptive_interface/share/legged_perceptive_interface/cmake/ament_cmake_export_include_directories-extras.cmake
-- Installing: /workspace/src/legged_perceptive/install/legged_perceptive_interface/share/legged_perceptive_interface/cmake/ament_cmake_export_targets-extras.cmake
-- Installing: /workspace/src/legged_perceptive/install/legged_perceptive_interface/share/legged_perceptive_interface/cmake/ament_cmake_export_dependencies-extras.cmake
-- Installing: /workspace/src/legged_perceptive/install/legged_perceptive_interface/share/legged_perceptive_interface/cmake/legged_perceptive_interfaceConfig.cmake
-- Installing: /workspace/src/legged_perceptive/install/legged_perceptive_interface/share/legged_perceptive_interface/cmake/legged_perceptive_interfaceConfig-version.cmake
-- Installing: /workspace/src/legged_perceptive/install/legged_perceptive_interface/share/legged_perceptive_interface/package.xml
