[0.012s] Invoking command in '/workspace/src/legged_perceptive/build/legged_perceptive_interface': CMAKE_PREFIX_PATH=${CMAKE_PREFIX_PATH}:/opt/ros/humble /usr/bin/cmake /workspace/src/legged_perceptive/legged_perceptive_interface -DBUILD_TESTING=ON -DCMAKE_INSTALL_PREFIX=/workspace/src/legged_perceptive/install/legged_perceptive_interface
[0.109s] -- The C compiler identification is GNU 11.4.0
[0.143s] -- The CXX compiler identification is GNU 11.4.0
[0.147s] -- Detecting C compiler ABI info
[0.196s] -- Detecting C compiler ABI info - done
[0.199s] -- Check for working C compiler: /usr/bin/cc - skipped
[0.200s] -- Detecting C compile features
[0.200s] -- Detecting C compile features - done
[0.201s] -- Detecting CXX compiler ABI info
[0.255s] -- Detecting CXX compiler ABI info - done
[0.259s] -- Check for working CXX compiler: /usr/bin/c++ - skipped
[0.259s] -- Detecting CXX compile features
[0.260s] -- Detecting CXX compile features - done
[0.263s] -- Found ament_cmake: 1.3.14 (/opt/ros/humble/share/ament_cmake/cmake)
[0.359s] -- Found Python3: /usr/bin/python3 (found version "3.10.12") found components: Interpreter 
[0.439s] -- Found legged_interface: 0.0.0 (/workspace/install/legged_interface/share/legged_interface/cmake)
[0.610s] -- Found OpenMP_C: -fopenmp (found version "4.5") 
[0.668s] -- Found OpenMP_CXX: -fopenmp (found version "4.5") 
[0.668s] -- Found OpenMP: TRUE (found version "4.5")  
[0.814s] -- pinocchio FOUND. pinocchio at /workspace/install/pinocchio/lib/libpinocchio.so
[0.815s] -- boost_filesystem FOUND. boost_filesystem at /usr/lib/x86_64-linux-gnu/libboost_filesystem.so
[0.815s] -- boost_serialization FOUND. boost_serialization at /usr/lib/x86_64-linux-gnu/libboost_serialization.so
[0.816s] -- boost_system FOUND. boost_system at /usr/lib/x86_64-linux-gnu/libboost_system.so
[0.843s] -- hpp-fcl FOUND. hpp-fcl at /workspace/install/hpp-fcl/lib/libhpp-fcl.so
[0.860s] -- Found convex_plane_decomposition_msgs: 0.0.1 (/workspace/install/convex_plane_decomposition_msgs/share/convex_plane_decomposition_msgs/cmake)
[0.886s] -- Found rosidl_generator_c: 3.1.8 (/opt/ros/humble/share/rosidl_generator_c/cmake)
[0.891s] -- Found rosidl_adapter: 3.1.8 (/opt/ros/humble/share/rosidl_adapter/cmake)
[0.897s] -- Found rosidl_generator_cpp: 3.1.8 (/opt/ros/humble/share/rosidl_generator_cpp/cmake)
[0.906s] -- Using all available rosidl_typesupport_c: rosidl_typesupport_fastrtps_c;rosidl_typesupport_introspection_c
[0.917s] -- Using all available rosidl_typesupport_cpp: rosidl_typesupport_fastrtps_cpp;rosidl_typesupport_introspection_cpp
[0.955s] -- Found convex_plane_decomposition_ros: 0.0.1 (/workspace/install/convex_plane_decomposition_ros/share/convex_plane_decomposition_ros/cmake)
[0.989s] -- Found rmw_implementation_cmake: 6.1.2 (/opt/ros/humble/share/rmw_implementation_cmake/cmake)
[0.992s] -- Found rmw_fastrtps_cpp: 6.2.10 (/opt/ros/humble/share/rmw_fastrtps_cpp/cmake)
[1.059s] -- Found OpenSSL: /usr/lib/x86_64-linux-gnu/libcrypto.so (found version "3.0.2")  
[1.078s] -- Found FastRTPS: /opt/ros/humble/include  
[1.108s] -- Using RMW implementation 'rmw_fastrtps_cpp' as default
[1.117s] -- Found Threads: TRUE  
[1.298s] -- Found grid_map_sdf: 1.7.18 (/workspace/install/grid_map_sdf/share/grid_map_sdf/cmake)
[1.299s] -- Found ocs2_sphere_approximation: 0.0.0 (/workspace/install/ocs2_sphere_approximation/share/ocs2_sphere_approximation/cmake)
[1.313s] -- Found Boost: /usr/include (found version "1.74.0") found components: system filesystem log_setup log date_time thread regex chrono atomic 
[1.327s] -- Found ament_cmake_gtest: 1.3.14 (/opt/ros/humble/share/ament_cmake_gtest/cmake)
[1.330s] -- Found gtest sources under '/opt/ros/humble/src/gtest_vendor': C++ tests using 'Google Test' will be built
[1.372s] -- Configuring done
[1.414s] -- Generating done
[1.421s] -- Build files have been written to: /workspace/src/legged_perceptive/build/legged_perceptive_interface
[1.429s] Invoked command in '/workspace/src/legged_perceptive/build/legged_perceptive_interface' returned '0': CMAKE_PREFIX_PATH=${CMAKE_PREFIX_PATH}:/opt/ros/humble /usr/bin/cmake /workspace/src/legged_perceptive/legged_perceptive_interface -DBUILD_TESTING=ON -DCMAKE_INSTALL_PREFIX=/workspace/src/legged_perceptive/install/legged_perceptive_interface
[1.429s] Invoking command in '/workspace/src/legged_perceptive/build/legged_perceptive_interface': CMAKE_PREFIX_PATH=${CMAKE_PREFIX_PATH}:/opt/ros/humble /usr/bin/cmake --build /workspace/src/legged_perceptive/build/legged_perceptive_interface -- -j20 -l20
[1.473s] [  5%] [32mBuilding CXX object CMakeFiles/legged_perceptive_interface.dir/src/constraint/SphereSdfConstraint.cpp.o[0m
[1.473s] [ 35%] [32mBuilding CXX object gtest/CMakeFiles/gtest.dir/src/gtest-all.cc.o[0m
[1.473s] [ 35%] [32mBuilding CXX object CMakeFiles/legged_perceptive_interface.dir/src/ConvexRegionSelector.cpp.o[0m
[1.473s] [ 35%] [32mBuilding CXX object CMakeFiles/legged_perceptive_interface.dir/src/constraint/FootPlacementConstraint.cpp.o[0m
[1.473s] [ 35%] [32mBuilding CXX object CMakeFiles/legged_perceptive_interface.dir/src/constraint/FootCollisionConstraint.cpp.o[0m
[1.473s] [ 35%] [32mBuilding CXX object gtest/CMakeFiles/gtest_main.dir/src/gtest_main.cc.o[0m
[1.473s] [ 41%] [32mBuilding CXX object CMakeFiles/legged_perceptive_interface.dir/src/TargetTrajectoryResampler.cpp.o[0m
[1.473s] [ 47%] [32mBuilding CXX object CMakeFiles/legged_perceptive_interface.dir/src/PerceptiveLeggedReferenceManager.cpp.o[0m
[1.473s] [ 58%] [32mBuilding CXX object CMakeFiles/legged_perceptive_interface.dir/src/PerceptiveLeggedPrecomputation.cpp.o[0m
[1.473s] [ 58%] [32mBuilding CXX object CMakeFiles/legged_perceptive_interface.dir/src/PerceptiveLeggedInterface.cpp.o[0m
[1.975s] [ 64%] [32m[1mLinking CXX static library libgtest_main.a[0m
[2.004s] [ 64%] Built target gtest_main
[3.043s] [ 70%] [32m[1mLinking CXX static library libgtest.a[0m
[3.085s] [ 70%] Built target gtest
[4.735s] In file included from /usr/include/boost/math/tools/cxx03_warn.hpp:9,
[4.735s]                  from /usr/include/boost/math/constants/constants.hpp:11,
[4.735s]                  from /workspace/install/pinocchio/include/pinocchio/math/fwd.hpp:10,
[4.735s]                  from /workspace/install/pinocchio/include/pinocchio/math/quaternion.hpp:12,
[4.736s]                  from /workspace/install/pinocchio/include/pinocchio/spatial/se3-tpl.hpp:12,
[4.736s]                  from /workspace/install/pinocchio/include/pinocchio/spatial/se3.hpp:44,
[4.736s]                  from /workspace/install/pinocchio/include/pinocchio/multibody/model.hpp:10,
[4.736s]                  from /workspace/install/ocs2_sphere_approximation/include/ocs2_sphere_approximation/PinocchioSphereInterface.h:32,
[4.736s]                  from /workspace/install/ocs2_sphere_approximation/include/ocs2_sphere_approximation/PinocchioSphereKinematics.h:38,
[4.736s]                  from /workspace/src/legged_perceptive/legged_perceptive_interface/include/legged_perceptive_interface/constraint/SphereSdfConstraint.h:10,
[4.736s]                  from /workspace/src/legged_perceptive/legged_perceptive_interface/src/constraint/SphereSdfConstraint.cpp:5:
[4.736s] /usr/include/boost/bind.hpp:36:1: note: ‘#pragma message: The practice of declaring the Bind placeholders (_1, _2, ...) in the global namespace is deprecated. Please use <boost/bind/bind.hpp> + using namespace boost::placeholders, or define BOOST_BIND_GLOBAL_PLACEHOLDERS to retain the current behavior.’
[4.736s]    36 | BOOST_PRAGMA_MESSAGE(
[4.736s]       | ^~~~~~~~~~~~~~~~~~~~
[4.828s] In file included from /usr/include/boost/math/tools/cxx03_warn.hpp:9,
[4.828s]                  from /usr/include/boost/math/constants/constants.hpp:11,
[4.828s]                  from /workspace/install/pinocchio/include/pinocchio/math/fwd.hpp:10,
[4.828s]                  from /workspace/install/pinocchio/include/pinocchio/math/quaternion.hpp:12,
[4.829s]                  from /workspace/install/pinocchio/include/pinocchio/spatial/se3-tpl.hpp:12,
[4.829s]                  from /workspace/install/pinocchio/include/pinocchio/spatial/se3.hpp:44,
[4.829s]                  from /workspace/install/pinocchio/include/pinocchio/multibody/model.hpp:10,
[4.829s]                  from /workspace/install/ocs2_sphere_approximation/include/ocs2_sphere_approximation/PinocchioSphereInterface.h:32,
[4.829s]                  from /workspace/install/ocs2_sphere_approximation/include/ocs2_sphere_approximation/PinocchioSphereKinematics.h:38,
[4.829s]                  from /workspace/src/legged_perceptive/legged_perceptive_interface/include/legged_perceptive_interface/constraint/SphereSdfConstraint.h:10,
[4.829s]                  from /workspace/src/legged_perceptive/legged_perceptive_interface/src/PerceptiveLeggedInterface.cpp:6:
[4.829s] /usr/include/boost/bind.hpp:36:1: note: ‘#pragma message: The practice of declaring the Bind placeholders (_1, _2, ...) in the global namespace is deprecated. Please use <boost/bind/bind.hpp> + using namespace boost::placeholders, or define BOOST_BIND_GLOBAL_PLACEHOLDERS to retain the current behavior.’
[4.829s]    36 | BOOST_PRAGMA_MESSAGE(
[4.829s]       | ^~~~~~~~~~~~~~~~~~~~
[8.273s] [ 76%] [32m[1mLinking CXX static library liblegged_perceptive_interface.a[0m
[8.359s] [ 76%] Built target legged_perceptive_interface
[8.378s] [ 88%] [32mBuilding CXX object CMakeFiles/test_perceptive_reference_manager.dir/test/test_perceptive_reference_manager.cpp.o[0m
[8.378s] [ 88%] [32mBuilding CXX object CMakeFiles/test_convex_region_selector_timing.dir/test/test_convex_region_selector_timing.cpp.o[0m
[9.265s] [ 94%] [32m[1mLinking CXX executable test_perceptive_reference_manager[0m
[9.843s] [ 94%] Built target test_perceptive_reference_manager
[12.638s] [100%] [32m[1mLinking CXX executable test_convex_region_selector_timing[0m
[13.232s] [100%] Built target test_convex_region_selector_timing
[13.291s] Invoked command in '/workspace/src/legged_perceptive/build/legged_perceptive_interface' returned '0': CMAKE_PREFIX_PATH=${CMAKE_PREFIX_PATH}:/opt/ros/humble /usr/bin/cmake --build /workspace/src/legged_perceptive/build/legged_perceptive_interface -- -j20 -l20
[13.300s] Invoking command in '/workspace/src/legged_perceptive/build/legged_perceptive_interface': CMAKE_PREFIX_PATH=${CMAKE_PREFIX_PATH}:/opt/ros/humble /usr/bin/cmake --install /workspace/src/legged_perceptive/build/legged_perceptive_interface
[13.305s] -- Install configuration: ""
[13.305s] -- Installing: /workspace/src/legged_perceptive/install/legged_perceptive_interface/lib/liblegged_perceptive_interface.a
[13.311s] -- Installing: /workspace/src/legged_perceptive/install/legged_perceptive_interface/include/legged_perceptive_interface
[13.311s] -- Installing: /workspace/src/legged_perceptive/install/legged_perceptive_interface/include/legged_perceptive_interface/TargetTrajectoryResampler.h
[13.311s] -- Installing: /workspace/src/legged_perceptive/install/legged_perceptive_interface/include/legged_perceptive_interface/PerceptiveLeggedReferenceManager.h
[13.311s] -- Installing: /workspace/src/legged_perceptive/install/legged_perceptive_interface/include/legged_perceptive_interface/constraint
[13.311s] -- Installing: /workspace/src/legged_perceptive/install/legged_perceptive_interface/include/legged_perceptive_interface/constraint/FootCollisionConstraint.h
[13.311s] -- Installing: /workspace/src/legged_perceptive/install/legged_perceptive_interface/include/legged_perceptive_interface/constraint/FootPlacementConstraint.h
[13.311s] -- Installing: /workspace/src/legged_perceptive/install/legged_perceptive_interface/include/legged_perceptive_interface/constraint/SphereSdfConstraint.h
[13.311s] -- Installing: /workspace/src/legged_perceptive/install/legged_perceptive_interface/include/legged_perceptive_interface/PerceptiveLeggedPrecomputation.h
[13.312s] -- Installing: /workspace/src/legged_perceptive/install/legged_perceptive_interface/include/legged_perceptive_interface/ConvexRegionSelector.h
[13.312s] -- Installing: /workspace/src/legged_perceptive/install/legged_perceptive_interface/include/legged_perceptive_interface/PerceptiveLeggedInterface.h
[13.312s] -- Installing: /workspace/src/legged_perceptive/install/legged_perceptive_interface/share/legged_perceptive_interface/cmake/export_legged_perceptive_interface.cmake
[13.312s] -- Installing: /workspace/src/legged_perceptive/install/legged_perceptive_interface/share/legged_perceptive_interface/cmake/export_legged_perceptive_interface-noconfig.cmake
[13.312s] -- Installing: /workspace/src/legged_perceptive/install/legged_perceptive_interface/share/legged_perceptive_interface/environment/library_path.sh
[13.312s] -- Installing: /workspace/src/legged_perceptive/install/legged_perceptive_interface/share/legged_perceptive_interface/environment/library_path.dsv
[13.312s] -- Installing: /workspace/src/legged_perceptive/install/legged_perceptive_interface/share/ament_index/resource_index/package_run_dependencies/legged_perceptive_interface
[13.312s] -- Installing: /workspace/src/legged_perceptive/install/legged_perceptive_interface/share/ament_index/resource_index/parent_prefix_path/legged_perceptive_interface
[13.312s] -- Installing: /workspace/src/legged_perceptive/install/legged_perceptive_interface/share/legged_perceptive_interface/environment/ament_prefix_path.sh
[13.312s] -- Installing: /workspace/src/legged_perceptive/install/legged_perceptive_interface/share/legged_perceptive_interface/environment/ament_prefix_path.dsv
[13.312s] -- Installing: /workspace/src/legged_perceptive/install/legged_perceptive_interface/share/legged_perceptive_interface/environment/path.sh
[13.312s] -- Installing: /workspace/src/legged_perceptive/install/legged_perceptive_interface/share/legged_perceptive_interface/environment/path.dsv
[13.312s] -- Installing: /workspace/src/legged_perceptive/install/legged_perceptive_interface/share/legged_perceptive_interface/local_setup.bash
[13.312s] -- Installing: /workspace/src/legged_perceptive/install/legged_perceptive_interface/share/legged_perceptive_interface/local_setup.sh
[13.312s] -- Installing: /workspace/src/legged_perceptive/install/legged_perceptive_interface/share/legged_perceptive_interface/local_setup.zsh
[13.312s] -- Installing: /workspace/src/legged_perceptive/install/legged_perceptive_interface/share/legged_perceptive_interface/local_setup.dsv
[13.313s] -- Installing: /workspace/src/legged_perceptive/install/legged_perceptive_interface/share/legged_perceptive_interface/package.dsv
[13.313s] -- Installing: /workspace/src/legged_perceptive/install/legged_perceptive_interface/share/ament_index/resource_index/packages/legged_perceptive_interface
[13.313s] -- Installing: /workspace/src/legged_perceptive/install/legged_perceptive_interface/share/legged_perceptive_interface/cmake/export_legged_perceptive_interfaceExport.cmake
[13.313s] -- Installing: /workspace/src/legged_perceptive/install/legged_perceptive_interface/share/legged_perceptive_interface/cmake/export_legged_perceptive_interfaceExport-noconfig.cmake
[13.313s] -- Installing: /workspace/src/legged_perceptive/install/legged_perceptive_interface/share/legged_perceptive_interface/cmake/ament_cmake_export_include_directories-extras.cmake
[13.313s] -- Installing: /workspace/src/legged_perceptive/install/legged_perceptive_interface/share/legged_perceptive_interface/cmake/ament_cmake_export_targets-extras.cmake
[13.313s] -- Installing: /workspace/src/legged_perceptive/install/legged_perceptive_interface/share/legged_perceptive_interface/cmake/ament_cmake_export_dependencies-extras.cmake
[13.313s] -- Installing: /workspace/src/legged_perceptive/install/legged_perceptive_interface/share/legged_perceptive_interface/cmake/legged_perceptive_interfaceConfig.cmake
[13.313s] -- Installing: /workspace/src/legged_perceptive/install/legged_perceptive_interface/share/legged_perceptive_interface/cmake/legged_perceptive_interfaceConfig-version.cmake
[13.313s] -- Installing: /workspace/src/legged_perceptive/install/legged_perceptive_interface/share/legged_perceptive_interface/package.xml
[13.314s] Invoked command in '/workspace/src/legged_perceptive/build/legged_perceptive_interface' returned '0': CMAKE_PREFIX_PATH=${CMAKE_PREFIX_PATH}:/opt/ros/humble /usr/bin/cmake --install /workspace/src/legged_perceptive/build/legged_perceptive_interface
