Consolidate compiler generated dependencies of target grid_map_publisher
[ 25%] Built target grid_map_publisher
Consolidate compiler generated dependencies of target legged_perceptive_controllers
[100%] Built target legged_perceptive_controllers
-- Install configuration: ""
-- Up-to-date: /workspace/src/legged_perceptive/install/legged_perceptive_controllers/share/legged_perceptive_controllers/legged_perceptive_controllers_plugins.xml
-- Up-to-date: /workspace/src/legged_perceptive/install/legged_perceptive_controllers/lib/liblegged_perceptive_controllers.so
-- Up-to-date: /workspace/src/legged_perceptive/install/legged_perceptive_controllers/lib/legged_perceptive_controllers/grid_map_publisher
-- Up-to-date: /workspace/src/legged_perceptive/install/legged_perceptive_controllers/include/legged_perceptive_controllers
-- Up-to-date: /workspace/src/legged_perceptive/install/legged_perceptive_controllers/include/legged_perceptive_controllers/visualization
-- Up-to-date: /workspace/src/legged_perceptive/install/legged_perceptive_controllers/include/legged_perceptive_controllers/visualization/SphereVisualization.h
-- Up-to-date: /workspace/src/legged_perceptive/install/legged_perceptive_controllers/include/legged_perceptive_controllers/visualization/FootPlacementVisualization.h
-- Up-to-date: /workspace/src/legged_perceptive/install/legged_perceptive_controllers/include/legged_perceptive_controllers/PerceptiveController.h
-- Up-to-date: /workspace/src/legged_perceptive/install/legged_perceptive_controllers/include/legged_perceptive_controllers/PerceptiveCheaterController.h
-- Up-to-date: /workspace/src/legged_perceptive/install/legged_perceptive_controllers/include/legged_perceptive_controllers/synchronized_module
-- Up-to-date: /workspace/src/legged_perceptive/install/legged_perceptive_controllers/include/legged_perceptive_controllers/synchronized_module/PlanarTerrainReceiver.h
-- Up-to-date: /workspace/src/legged_perceptive/install/legged_perceptive_controllers/share/legged_perceptive_controllers/legged_perceptive_controllers_plugins.xml
-- Up-to-date: /workspace/src/legged_perceptive/install/legged_perceptive_controllers/share/legged_perceptive_controllers/config
-- Up-to-date: /workspace/src/legged_perceptive/install/legged_perceptive_controllers/share/legged_perceptive_controllers/config/p1
-- Up-to-date: /workspace/src/legged_perceptive/install/legged_perceptive_controllers/share/legged_perceptive_controllers/config/p1/task.info
-- Up-to-date: /workspace/src/legged_perceptive/install/legged_perceptive_controllers/share/legged_perceptive_controllers/config/aliengo
-- Up-to-date: /workspace/src/legged_perceptive/install/legged_perceptive_controllers/share/legged_perceptive_controllers/config/aliengo/task.info
-- Up-to-date: /workspace/src/legged_perceptive/install/legged_perceptive_controllers/share/legged_perceptive_controllers/config/k20
-- Up-to-date: /workspace/src/legged_perceptive/install/legged_perceptive_controllers/share/legged_perceptive_controllers/config/k20/task.info
-- Up-to-date: /workspace/src/legged_perceptive/install/legged_perceptive_controllers/share/legged_perceptive_controllers/config/rviz.rviz
-- Up-to-date: /workspace/src/legged_perceptive/install/legged_perceptive_controllers/share/legged_perceptive_controllers/config/a1
-- Up-to-date: /workspace/src/legged_perceptive/install/legged_perceptive_controllers/share/legged_perceptive_controllers/config/a1/task.info
-- Up-to-date: /workspace/src/legged_perceptive/install/legged_perceptive_controllers/share/legged_perceptive_controllers/config/elevation_mapping.yaml
-- Up-to-date: /workspace/src/legged_perceptive/install/legged_perceptive_controllers/share/legged_perceptive_controllers/config/body_filter.yaml
-- Up-to-date: /workspace/src/legged_perceptive/install/legged_perceptive_controllers/share/legged_perceptive_controllers/config/default.yaml
-- Up-to-date: /workspace/src/legged_perceptive/install/legged_perceptive_controllers/share/legged_perceptive_controllers/config/convex_plane_decomposition.yaml
-- Up-to-date: /workspace/src/legged_perceptive/install/legged_perceptive_controllers/share/legged_perceptive_controllers/launch
-- Up-to-date: /workspace/src/legged_perceptive/install/legged_perceptive_controllers/share/legged_perceptive_controllers/launch/load_controller.launch.py
-- Up-to-date: /workspace/src/legged_perceptive/install/legged_perceptive_controllers/share/legged_perceptive_controllers/environment/library_path.sh
-- Up-to-date: /workspace/src/legged_perceptive/install/legged_perceptive_controllers/share/legged_perceptive_controllers/environment/library_path.dsv
-- Up-to-date: /workspace/src/legged_perceptive/install/legged_perceptive_controllers/share/ament_index/resource_index/package_run_dependencies/legged_perceptive_controllers
-- Up-to-date: /workspace/src/legged_perceptive/install/legged_perceptive_controllers/share/ament_index/resource_index/parent_prefix_path/legged_perceptive_controllers
-- Up-to-date: /workspace/src/legged_perceptive/install/legged_perceptive_controllers/share/legged_perceptive_controllers/environment/ament_prefix_path.sh
-- Up-to-date: /workspace/src/legged_perceptive/install/legged_perceptive_controllers/share/legged_perceptive_controllers/environment/ament_prefix_path.dsv
-- Up-to-date: /workspace/src/legged_perceptive/install/legged_perceptive_controllers/share/legged_perceptive_controllers/environment/path.sh
-- Up-to-date: /workspace/src/legged_perceptive/install/legged_perceptive_controllers/share/legged_perceptive_controllers/environment/path.dsv
-- Up-to-date: /workspace/src/legged_perceptive/install/legged_perceptive_controllers/share/legged_perceptive_controllers/local_setup.bash
-- Up-to-date: /workspace/src/legged_perceptive/install/legged_perceptive_controllers/share/legged_perceptive_controllers/local_setup.sh
-- Up-to-date: /workspace/src/legged_perceptive/install/legged_perceptive_controllers/share/legged_perceptive_controllers/local_setup.zsh
-- Up-to-date: /workspace/src/legged_perceptive/install/legged_perceptive_controllers/share/legged_perceptive_controllers/local_setup.dsv
-- Installing: /workspace/src/legged_perceptive/install/legged_perceptive_controllers/share/legged_perceptive_controllers/package.dsv
-- Up-to-date: /workspace/src/legged_perceptive/install/legged_perceptive_controllers/share/ament_index/resource_index/packages/legged_perceptive_controllers
-- Up-to-date: /workspace/src/legged_perceptive/install/legged_perceptive_controllers/share/ament_index/resource_index/controller_interface__pluginlib__plugin/legged_perceptive_controllers
-- Up-to-date: /workspace/src/legged_perceptive/install/legged_perceptive_controllers/share/legged_perceptive_controllers/cmake/export_legged_perceptive_controllersExport.cmake
-- Up-to-date: /workspace/src/legged_perceptive/install/legged_perceptive_controllers/share/legged_perceptive_controllers/cmake/export_legged_perceptive_controllersExport-noconfig.cmake
-- Up-to-date: /workspace/src/legged_perceptive/install/legged_perceptive_controllers/share/legged_perceptive_controllers/cmake/ament_cmake_export_include_directories-extras.cmake
-- Up-to-date: /workspace/src/legged_perceptive/install/legged_perceptive_controllers/share/legged_perceptive_controllers/cmake/ament_cmake_export_libraries-extras.cmake
-- Up-to-date: /workspace/src/legged_perceptive/install/legged_perceptive_controllers/share/legged_perceptive_controllers/cmake/ament_cmake_export_targets-extras.cmake
-- Up-to-date: /workspace/src/legged_perceptive/install/legged_perceptive_controllers/share/legged_perceptive_controllers/cmake/ament_cmake_export_dependencies-extras.cmake
-- Up-to-date: /workspace/src/legged_perceptive/install/legged_perceptive_controllers/share/legged_perceptive_controllers/cmake/legged_perceptive_controllersConfig.cmake
-- Up-to-date: /workspace/src/legged_perceptive/install/legged_perceptive_controllers/share/legged_perceptive_controllers/cmake/legged_perceptive_controllersConfig-version.cmake
-- Up-to-date: /workspace/src/legged_perceptive/install/legged_perceptive_controllers/share/legged_perceptive_controllers/package.xml
